ARM Linker, 4.1 [Build 481] [Standard]

==============================================================================

Section Cross References

    stm32f10x.o(STACK) refers (Special) to heapauxi.o(.text) for __use_two_region_memory
    stm32f10x.o(HEAP) refers (Special) to heapauxi.o(.text) for __use_two_region_memory
    stm32f10x.o(RESET) refers (Special) to heapauxi.o(.text) for __use_two_region_memory
    stm32f10x.o(RESET) refers to stm32f10x.o(STACK) for __initial_sp
    stm32f10x.o(RESET) refers to stm32f10x.o(.text) for Reset_Handler
    stm32f10x.o(.text) refers (Special) to heapauxi.o(.text) for __use_two_region_memory
    stm32f10x.o(.text) refers to __main.o(!!!main) for __main
    stm32f10x.o(.text) refers to stm32f10x.o(HEAP) for Heap_Mem
    stm32f10x.o(.text) refers to stm32f10x.o(STACK) for Stack_Mem
    sys_config.o(.text) refers to stm32f10x_rcc.o(i.RCC_DeInit) for RCC_DeInit
    sys_config.o(.text) refers to stm32f10x_rcc.o(i.RCC_HSEConfig) for RCC_HSEConfig
    sys_config.o(.text) refers to stm32f10x_rcc.o(i.RCC_WaitForHSEStartUp) for RCC_WaitForHSEStartUp
    sys_config.o(.text) refers to stm32f10x_flash.o(i.FLASH_PrefetchBufferCmd) for FLASH_PrefetchBufferCmd
    sys_config.o(.text) refers to stm32f10x_flash.o(i.FLASH_SetLatency) for FLASH_SetLatency
    sys_config.o(.text) refers to stm32f10x_rcc.o(i.RCC_HCLKConfig) for RCC_HCLKConfig
    sys_config.o(.text) refers to stm32f10x_rcc.o(i.RCC_PCLK2Config) for RCC_PCLK2Config
    sys_config.o(.text) refers to stm32f10x_rcc.o(i.RCC_PCLK1Config) for RCC_PCLK1Config
    sys_config.o(.text) refers to stm32f10x_rcc.o(i.RCC_ADCCLKConfig) for RCC_ADCCLKConfig
    sys_config.o(.text) refers to stm32f10x_rcc.o(i.RCC_PLLConfig) for RCC_PLLConfig
    sys_config.o(.text) refers to stm32f10x_rcc.o(i.RCC_PLLCmd) for RCC_PLLCmd
    sys_config.o(.text) refers to stm32f10x_rcc.o(i.RCC_GetFlagStatus) for RCC_GetFlagStatus
    sys_config.o(.text) refers to stm32f10x_rcc.o(i.RCC_SYSCLKConfig) for RCC_SYSCLKConfig
    sys_config.o(.text) refers to stm32f10x_rcc.o(i.RCC_GetSYSCLKSource) for RCC_GetSYSCLKSource
    sys_config.o(.text) refers to stm32f10x_nvic.o(i.NVIC_SetVectorTable) for NVIC_SetVectorTable
    delay.o(.text) refers to stm32f10x_systick.o(i.SysTick_CounterCmd) for SysTick_CounterCmd
    delay.o(.text) refers to stm32f10x_systick.o(i.SysTick_ITConfig) for SysTick_ITConfig
    delay.o(.text) refers to stm32f10x_systick.o(i.SysTick_CLKSourceConfig) for SysTick_CLKSourceConfig
    delay.o(.text) refers to stm32f10x_systick.o(i.SysTick_SetReload) for SysTick_SetReload
    delay.o(.text) refers to stm32f10x_systick.o(i.SysTick_GetFlagStatus) for SysTick_GetFlagStatus
    main.o(.text) refers to stm32f10x_tim.o(i.TIM_GetCapture1) for TIM_GetCapture1
    main.o(.text) refers to stm32f10x_tim.o(i.TIM_GetCapture2) for TIM_GetCapture2
    main.o(.text) refers to stm32f10x_tim.o(i.TIM_GetCapture3) for TIM_GetCapture3
    main.o(.text) refers to stm32f10x_tim.o(i.TIM_GetCapture4) for TIM_GetCapture4
    main.o(.text) refers to dflt_clz.o(x$fpl$dflt) for __aeabi_i2d
    main.o(.text) refers to dmul.o(x$fpl$dmul) for __aeabi_dmul
    main.o(.text) refers to daddsub_clz.o(x$fpl$dadd) for __aeabi_dadd
    main.o(.text) refers to ddiv.o(x$fpl$ddiv) for __aeabi_ddiv
    main.o(.text) refers to sqrt.o(i.sqrt) for sqrt
    main.o(.text) refers to atan2.o(i.atan2) for atan2
    main.o(.text) refers to dleqf.o(x$fpl$dleqf) for __aeabi_cdcmple
    main.o(.text) refers to daddsub_clz.o(x$fpl$drsb) for __aeabi_drsub
    main.o(.text) refers to daddsub_clz.o(x$fpl$dsub) for __aeabi_dsub
    main.o(.text) refers to sys_config.o(.text) for RCC_Configuration
    main.o(.text) refers to stm32f10x_rcc.o(i.RCC_APB2PeriphClockCmd) for RCC_APB2PeriphClockCmd
    main.o(.text) refers to stm32f10x_rcc.o(i.RCC_APB1PeriphClockCmd) for RCC_APB1PeriphClockCmd
    main.o(.text) refers to gpio.o(.text) for GPIO_Config
    main.o(.text) refers to pwd.o(.text) for PWD_Config
    main.o(.text) refers to pwm.o(.text) for PWM_Config
    main.o(.text) refers to iic.o(.text) for I2C_Config
    main.o(.text) refers to sensors.o(.text) for ADXL345_Init
    main.o(.text) refers to main.o(.data) for PWM_Duty
    main.o(.text) refers to main.o(.bss) for PWD_Duty
    main.o(.text) refers to stm32f10x_gpio.o(i.GPIO_ResetBits) for GPIO_ResetBits
    main.o(.text) refers to delay.o(.text) for DelayMs
    main.o(.text) refers to stm32f10x_gpio.o(i.GPIO_SetBits) for GPIO_SetBits
    main.o(.text) refers to kalmanfilter.o(.text) for KalmanFilter
    main.o(.text) refers to pid.o(.text) for PIDCalc
    main.o(.text) refers to drleqf.o(x$fpl$drleqf) for __aeabi_cdrcmple
    main.o(.text) refers to dfix.o(x$fpl$dfix) for __aeabi_d2iz
    pwm.o(.text) refers to stm32f10x_gpio.o(i.GPIO_Init) for GPIO_Init
    pwm.o(.text) refers to stm32f10x_tim.o(i.TIM_TimeBaseInit) for TIM_TimeBaseInit
[...]
    Removing stm32f10x_nvic.o(i.NVIC_Init), (116 bytes).
    Removing stm32f10x_nvic.o(i.NVIC_StructInit), (12 bytes).
    Removing stm32f10x_nvic.o(i.NVIC_SETPRIMASK), (4 bytes).
    Removing stm32f10x_nvic.o(i.NVIC_RESETPRIMASK), (4 bytes).
    Removing stm32f10x_nvic.o(i.NVIC_SETFAULTMASK), (4 bytes).
    Removing stm32f10x_nvic.o(i.NVIC_RESETFAULTMASK), (4 bytes).
    Removing stm32f10x_nvic.o(i.NVIC_BASEPRICONFIG), (6 bytes).
    Removing stm32f10x_nvic.o(i.NVIC_GetBASEPRI), (4 bytes).
    Removing stm32f10x_nvic.o(i.NVIC_GetCurrentPendingIRQChannel), (16 bytes).
    Removing stm32f10x_nvic.o(i.NVIC_GetIRQChannelPendingBitStatus), (34 bytes).
    Removing stm32f10x_nvic.o(i.NVIC_SetIRQChannelPendingBit), (12 bytes).
    Removing stm32f10x_nvic.o(i.NVIC_ClearIRQChannelPendingBit), (24 bytes).
    Removing stm32f10x_nvic.o(i.NVIC_GetCurrentActiveHandler), (16 bytes).
    Removing stm32f10x_nvic.o(i.NVIC_GetIRQChannelActiveBitStatus), (34 bytes).
    Removing stm32f10x_nvic.o(i.NVIC_GetCPUID), (12 bytes).
    Removing stm32f10x_nvic.o(i.NVIC_GenerateSystemReset), (16 bytes).
    Removing stm32f10x_nvic.o(i.NVIC_GenerateCoreReset), (16 bytes).
    Removing stm32f10x_nvic.o(i.NVIC_SystemLPConfig), (24 bytes).
    Removing stm32f10x_nvic.o(i.NVIC_SystemHandlerConfig), (32 bytes).
    Removing stm32f10x_nvic.o(i.NVIC_SystemHandlerPriorityConfig), (76 bytes).
    Removing stm32f10x_nvic.o(i.NVIC_GetSystemHandlerPendingBitStatus), (32 bytes).
    Removing stm32f10x_nvic.o(i.NVIC_SetSystemHandlerPendingBit), (24 bytes).
    Removing stm32f10x_nvic.o(i.NVIC_ClearSystemHandlerPendingBit), (24 bytes).
    Removing stm32f10x_nvic.o(i.NVIC_GetSystemHandlerActiveBitStatus), (32 bytes).
    Removing stm32f10x_nvic.o(i.NVIC_GetFaultHandlerSources), (54 bytes).
    Removing stm32f10x_nvic.o(i.NVIC_GetFaultAddress), (22 bytes).
    Removing stm32f10x_rcc.o(i.RCC_AdjustHSICalibrationValue), (20 bytes).
    Removing stm32f10x_rcc.o(i.RCC_HSICmd), (12 bytes).
    Removing stm32f10x_rcc.o(i.RCC_ITConfig), (24 bytes).
    Removing stm32f10x_rcc.o(i.RCC_USBCLKConfig), (12 bytes).
    Removing stm32f10x_rcc.o(i.RCC_LSEConfig), (32 bytes).
    Removing stm32f10x_rcc.o(i.RCC_LSICmd), (12 bytes).
    Removing stm32f10x_rcc.o(i.RCC_RTCCLKConfig), (16 bytes).
    Removing stm32f10x_rcc.o(i.RCC_RTCCLKCmd), (12 bytes).
    Removing stm32f10x_rcc.o(i.RCC_AHBPeriphClockCmd), (24 bytes).
    Removing stm32f10x_rcc.o(i.RCC_APB2PeriphResetCmd), (24 bytes).
    Removing stm32f10x_rcc.o(i.RCC_APB1PeriphResetCmd), (24 bytes).
    Removing stm32f10x_rcc.o(i.RCC_BackupResetCmd), (12 bytes).
    Removing stm32f10x_rcc.o(i.RCC_ClockSecuritySystemCmd), (12 bytes).
    Removing stm32f10x_rcc.o(i.RCC_MCOConfig), (12 bytes).
    Removing stm32f10x_rcc.o(i.RCC_ClearFlag), (16 bytes).
    Removing stm32f10x_rcc.o(i.RCC_GetITStatus), (20 bytes).
    Removing stm32f10x_rcc.o(i.RCC_ClearITPendingBit), (12 bytes).
    Removing stm32f10x_systick.o(i.SysTick_GetCounter), (8 bytes).
    Removing stm32f10x_tim.o(i.TIM_DeInit), (180 bytes).
    Removing stm32f10x_tim.o(i.TIM_PWMIConfig), (108 bytes).
    Removing stm32f10x_tim.o(i.TIM_BDTRConfig), (34 bytes).
    Removing stm32f10x_tim.o(i.TIM_TimeBaseStructInit), (18 bytes).
    Removing stm32f10x_tim.o(i.TIM_OCStructInit), (20 bytes).
    Removing stm32f10x_tim.o(i.TIM_ICStructInit), (16 bytes).
    Removing stm32f10x_tim.o(i.TIM_BDTRStructInit), (18 bytes).
    Removing stm32f10x_tim.o(i.TIM_CtrlPWMOutputs), (22 bytes).
    Removing stm32f10x_tim.o(i.TIM_GenerateEvent), (4 bytes).
    Removing stm32f10x_tim.o(i.TIM_DMAConfig), (8 bytes).
    Removing stm32f10x_tim.o(i.TIM_DMACmd), (16 bytes).
    Removing stm32f10x_tim.o(i.TIM_InternalClockConfig), (10 bytes).
    Removing stm32f10x_tim.o(i.TIM_ITRxExternalClockConfig), (20 bytes).
    Removing stm32f10x_tim.o(i.TIM_TIxExternalClockConfig), (46 bytes).
    Removing stm32f10x_tim.o(i.TIM_ETRConfig), (18 bytes).
    Removing stm32f10x_tim.o(i.TIM_ETRClockMode1Config), (18 bytes).
    Removing stm32f10x_tim.o(i.TIM_ETRClockMode2Config), (18 bytes).
    Removing stm32f10x_tim.o(i.TIM_PrescalerConfig), (6 bytes).
    Removing stm32f10x_tim.o(i.TIM_CounterModeConfig), (14 bytes).
    Removing stm32f10x_tim.o(i.TIM_EncoderInterfaceConfig), (44 bytes).
    Removing stm32f10x_tim.o(i.TIM_ForcedOC1Config), (12 bytes).
    Removing stm32f10x_tim.o(i.TIM_ForcedOC2Config), (14 bytes).
    Removing stm32f10x_tim.o(i.TIM_ForcedOC3Config), (12 bytes).
    Removing stm32f10x_tim.o(i.TIM_ForcedOC4Config), (14 bytes).
    Removing stm32f10x_tim.o(i.TIM_SelectCOM), (20 bytes).
    Removing stm32f10x_tim.o(i.TIM_SelectCCDMA), (20 bytes).
    Removing stm32f10x_tim.o(i.TIM_CCPreloadControl), (20 bytes).
    Removing stm32f10x_tim.o(i.TIM_OC1FastConfig), (12 bytes).
    Removing stm32f10x_tim.o(i.TIM_OC2FastConfig), (14 bytes).
    Removing stm32f10x_tim.o(i.TIM_OC3FastConfig), (12 bytes).
    Removing stm32f10x_tim.o(i.TIM_OC4FastConfig), (14 bytes).
    Removing stm32f10x_tim.o(i.TIM_ClearOC1Ref), (12 bytes).
    Removing stm32f10x_tim.o(i.TIM_ClearOC2Ref), (14 bytes).
    Removing stm32f10x_tim.o(i.TIM_ClearOC3Ref), (12 bytes).
    Removing stm32f10x_tim.o(i.TIM_ClearOC4Ref), (14 bytes).
    Removing stm32f10x_tim.o(i.TIM_OC1PolarityConfig), (12 bytes).
    Removing stm32f10x_tim.o(i.TIM_OC1NPolarityConfig), (12 bytes).
    Removing stm32f10x_tim.o(i.TIM_OC2PolarityConfig), (14 bytes).
    Removing stm32f10x_tim.o(i.TIM_OC2NPolarityConfig), (14 bytes).
    Removing stm32f10x_tim.o(i.TIM_OC3PolarityConfig), (14 bytes).
    Removing stm32f10x_tim.o(i.TIM_OC3NPolarityConfig), (14 bytes).
    Removing stm32f10x_tim.o(i.TIM_OC4PolarityConfig), (14 bytes).
    Removing stm32f10x_tim.o(i.TIM_CCxCmd), (22 bytes).
    Removing stm32f10x_tim.o(i.TIM_CCxNCmd), (22 bytes).
    Removing stm32f10x_tim.o(i.TIM_SelectOCxM), (62 bytes).
    Removing stm32f10x_tim.o(i.TIM_UpdateDisableConfig), (22 bytes).
    Removing stm32f10x_tim.o(i.TIM_UpdateRequestConfig), (22 bytes).
    Removing stm32f10x_tim.o(i.TIM_SelectHallSensor), (20 bytes).
    Removing stm32f10x_tim.o(i.TIM_SelectOnePulseMode), (18 bytes).
    Removing stm32f10x_tim.o(i.TIM_SelectOutputTrigger), (16 bytes).
    Removing stm32f10x_tim.o(i.TIM_SetCounter), (4 bytes).
    Removing stm32f10x_tim.o(i.TIM_SetAutoreload), (4 bytes).
    Removing stm32f10x_tim.o(i.TIM_SetCompare1), (4 bytes).
    Removing stm32f10x_tim.o(i.TIM_SetCompare2), (4 bytes).
    Removing stm32f10x_tim.o(i.TIM_SetCompare3), (4 bytes).
    Removing stm32f10x_tim.o(i.TIM_SetCompare4), (6 bytes).
    Removing stm32f10x_tim.o(i.TIM_SetClockDivision), (14 bytes).
    Removing stm32f10x_tim.o(i.TIM_GetCounter), (4 bytes).
    Removing stm32f10x_tim.o(i.TIM_GetPrescaler), (4 bytes).
    Removing stm32f10x_tim.o(i.TIM_GetFlagStatus), (14 bytes).
    Removing stm32f10x_tim.o(i.TIM_ClearFlag), (6 bytes).
    Removing stm32f10x_tim.o(i.TIM_GetITStatus), (24 bytes).
    Removing stm32f10x_tim.o(i.TIM_ClearITPendingBit), (6 bytes).
    Removing cortexm3_macro.o(.text), (122 bytes).

167 unused section(s) (total 4404 bytes) removed from the image.

==============================================================================

Image Symbol Table

    Local Symbols

    Symbol Name                              Value     Ov Type        Size  Object(Section)

    ../../angel/boardlib.s                   0x00000000   Number         0  boardinit3.o ABSOLUTE
    ../../angel/boardlib.s                   0x00000000   Number         0  boardinit2.o ABSOLUTE
    ../../angel/boardlib.s                   0x00000000   Number         0  boardinit1.o ABSOLUTE
    ../../angel/boardlib.s                   0x00000000   Number         0  boardshut.o ABSOLUTE
    ../../angel/dczerorl2.s                  0x00000000   Number         0  __dczerorl2.o ABSOLUTE
    ../../angel/handlers.s                   0x00000000   Number         0  __scatter_zi.o ABSOLUTE
    ../../angel/kernel.s                     0x00000000   Number         0  rtentry.o ABSOLUTE
    ../../angel/kernel.s                     0x00000000   Number         0  rtexit2.o ABSOLUTE
    ../../angel/kernel.s                     0x00000000   Number         0  rtexit.o ABSOLUTE
    ../../angel/kernel.s                     0x00000000   Number         0  rtentry4.o ABSOLUTE
    ../../angel/kernel.s                     0x00000000   Number         0  rtentry2.o ABSOLUTE
    ../../angel/rt.s                         0x00000000   Number         0  rt_raise.o ABSOLUTE
    ../../angel/rt.s                         0x00000000   Number         0  rt_fp_status_addr.o ABSOLUTE
    ../../angel/rt.s                         0x00000000   Number         0  rt_fp_status_addr_intlibspace.o ABSOLUTE
    ../../angel/rt.s                         0x00000000   Number         0  rt_errno_addr_intlibspace.o ABSOLUTE
    ../../angel/rt.s                         0x00000000   Number         0  rt_errno_addr.o ABSOLUTE
    ../../angel/scatter.s                    0x00000000   Number         0  __scatter.o ABSOLUTE
    ../../angel/startup.s                    0x00000000   Number         0  __main.o ABSOLUTE
    ../../angel/sys.s                        0x00000000   Number         0  sys_stackheap_outer.o ABSOLUTE
    ../../angel/sys.s                        0x00000000   Number         0  use_no_semi.o ABSOLUTE
    ../../angel/sys.s                        0x00000000   Number         0  libspace.o ABSOLUTE
    ../../angel/sysapp.c                     0x00000000   Number         0  sys_command.o ABSOLUTE
    ../../angel/sysapp.c                     0x00000000   Number         0  sys_wrch.o ABSOLUTE
    ../../angel/sysapp.c                     0x00000000   Number         0  sys_exit.o ABSOLUTE
    ../../armsys.c                           0x00000000   Number         0  argv_veneer.o ABSOLUTE
    ../../armsys.c                           0x00000000   Number         0  no_argv.o ABSOLUTE
    ../../armsys.c                           0x00000000   Number         0  _get_argv_nomalloc.o ABSOLUTE
    ../../armsys.c                           0x00000000   Number         0  argv_veneer.o ABSOLUTE
    ../../atan.c                             0x00000000   Number         0  atan_x.o ABSOLUTE
    ../../atan.c                             0x00000000   Number         0  atan.o ABSOLUTE
    ../../atan2.c                            0x00000000   Number         0  atan2_x.o ABSOLUTE
    ../../atan2.c                            0x00000000   Number         0  atan2.o ABSOLUTE
    ../../daddsub.s                          0x00000000   Number         0  daddsub_clz.o ABSOLUTE
    ../../dcheck1.s                          0x00000000   Number         0  dcheck1.o ABSOLUTE
    ../../dcmpi.s                            0x00000000   Number         0  dcmpi.o ABSOLUTE
    ../../ddiv.s                             0x00000000   Number         0  ddiv.o ABSOLUTE
    ../../dfix.s                             0x00000000   Number         0  dfix.o ABSOLUTE
    ../../dflt.s                             0x00000000   Number         0  dflt_clz.o ABSOLUTE
    ../../dleqf.s                            0x00000000   Number         0  dleqf.o ABSOLUTE
    ../../dmul.s                             0x00000000   Number         0  dmul.o ABSOLUTE
    ../../dnaninf.s                          0x00000000   Number         0  dnaninf.o ABSOLUTE
    ../../dretinf.s                          0x00000000   Number         0  dretinf.o ABSOLUTE
    ../../drleqf.s                           0x00000000   Number         0  drleqf.o ABSOLUTE
    ../../dsqrt.s                            0x00000000   Number         0  dsqrt_noumaal.o ABSOLUTE
    ../../dunder.c                           0x00000000   Number         0  dunder.o ABSOLUTE
    ../../fenv.c                             0x00000000   Number         0  _rserrno.o ABSOLUTE
    ../../fpclassify.c                       0x00000000   Number         0  fpclassify.o ABSOLUTE
    ../../fpinit.s                           0x00000000   Number         0  fpinit.o ABSOLUTE
    ../../heapalloc.c                        0x00000000   Number         0  hrguard.o ABSOLUTE
    ../../heapaux.c                          0x00000000   Number         0  heapauxi.o ABSOLUTE
    ../../libinit.s                          0x00000000   Number         0  libinit.o ABSOLUTE
    ../../libinit.s                          0x00000000   Number         0  libshutdown.o ABSOLUTE
    ../../libinit.s                          0x00000000   Number         0  libshutdown2.o ABSOLUTE
    ../../libinit.s                          0x00000000   Number         0  libinit2.o ABSOLUTE
    ../../memcpset.s                         0x00000000   Number         0  rt_memclr_w.o ABSOLUTE
    ../../poly.c                             0x00000000   Number         0  poly.o ABSOLUTE
    ../../qnan.c                             0x00000000   Number         0  qnan.o ABSOLUTE
    ../../retnan.s                           0x00000000   Number         0  retnan.o ABSOLUTE
    ../../scalbn.s                           0x00000000   Number         0  scalbn.o ABSOLUTE
    ../../signal.c                           0x00000000   Number         0  defsig_fpe_inner.o ABSOLUTE
    ../../signal.c                           0x00000000   Number         0  defsig_abrt_inner.o ABSOLUTE
    ../../signal.c                           0x00000000   Number         0  defsig_general.o ABSOLUTE
    ../../signal.c                           0x00000000   Number         0  __raise.o ABSOLUTE
    ../../signal.c                           0x00000000   Number         0  defsig_rtmem_inner.o ABSOLUTE
    ../../signal.c                           0x00000000   Number         0  defsig_exit.o ABSOLUTE
    ../../signal.c                           0x00000000   Number         0  defsig_rtmem_outer.o ABSOLUTE
    ../../signal.c                           0x00000000   Number         0  defsig_rtmem_formal.o ABSOLUTE
    ../../signal.c                           0x00000000   Number         0  defsig_other.o ABSOLUTE
    ../../signal.c                           0x00000000   Number         0  defsig_segv_inner.o ABSOLUTE
    ../../signal.c                           0x00000000   Number         0  defsig_cppl_inner.o ABSOLUTE
    ../../signal.c                           0x00000000   Number         0  defsig_pvfn_inner.o ABSOLUTE
    ../../signal.c                           0x00000000   Number         0  defsig_stak_inner.o ABSOLUTE
    ../../signal.c                           0x00000000   Number         0  defsig_rtred_inner.o ABSOLUTE
    ../../signal.s                           0x00000000   Number         0  defsig.o ABSOLUTE
    ../../sqrt.c                             0x00000000   Number         0  sqrt_x.o ABSOLUTE
    ../../sqrt.c                             0x00000000   Number         0  sqrt.o ABSOLUTE
    ../../stdlib.c                           0x00000000   Number         0  exit.o ABSOLUTE
    ../../trapv.s                            0x00000000   Number         0  trapv.o ABSOLUTE
    ../../usenofp.s                          0x00000000   Number         0  usenofp.o ABSOLUTE
    ..\User\Calculate\PID.c                  0x00000000   Number         0  pid.o ABSOLUTE
    ..\User\Calculate\kalmanfilter.c         0x00000000   Number         0  kalmanfilter.o ABSOLUTE
    ..\User\Hardware\GPIO\GPIO.c             0x00000000   Number         0  gpio.o ABSOLUTE
    ..\User\Hardware\I2C\iic.c               0x00000000   Number         0  iic.o ABSOLUTE
    ..\User\Hardware\I2C\sensors.c           0x00000000   Number         0  sensors.o ABSOLUTE
    ..\User\Hardware\PWD\pwd.c               0x00000000   Number         0  pwd.o ABSOLUTE
    ..\User\Hardware\PWM\pwm.c               0x00000000   Number         0  pwm.o ABSOLUTE
    ..\User\System\delay.c                   0x00000000   Number         0  delay.o ABSOLUTE
    ..\User\System\sys_config.c              0x00000000   Number         0  sys_config.o ABSOLUTE
    ..\User\main.c                           0x00000000   Number         0  main.o ABSOLUTE
    STM32F10x.s                              0x00000000   Number         0  stm32f10x.o ABSOLUTE
    cortexm3_macro.s                         0x00000000   Number         0  cortexm3_macro.o ABSOLUTE
    dc.s                                     0x00000000   Number         0  dc.o ABSOLUTE
    stm32f10x_flash.c                        0x00000000   Number         0  stm32f10x_flash.o ABSOLUTE
    stm32f10x_gpio.c                         0x00000000   Number         0  stm32f10x_gpio.o ABSOLUTE
    stm32f10x_i2c.c                          0x00000000   Number         0  stm32f10x_i2c.o ABSOLUTE
    stm32f10x_nvic.c                         0x00000000   Number         0  stm32f10x_nvic.o ABSOLUTE
    stm32f10x_rcc.c                          0x00000000   Number         0  stm32f10x_rcc.o ABSOLUTE
    stm32f10x_systick.c                      0x00000000   Number         0  stm32f10x_systick.o ABSOLUTE
    stm32f10x_tim.c                          0x00000000   Number         0  stm32f10x_tim.o ABSOLUTE
    RESET                                    0x08000000   Section      236  stm32f10x.o(RESET)
    !!!main                                  0x080000ec   Section        8  __main.o(!!!main)
    !!!scatter                               0x080000f4   Section       52  __scatter.o(!!!scatter)
    !!dczerorl2                              0x08000128   Section       90  __dczerorl2.o(!!dczerorl2)
    !!handler_zi                             0x08000184   Section       28  __scatter_zi.o(!!handler_zi)
    .ARM.Collect$$libinit$$00000000          0x080001a0   Section        6  libinit.o(.ARM.Collect$$libinit$$00000000)
    .ARM.Collect$$libinit$$00000006          0x080001a6   Section        0  libinit2.o(.ARM.Collect$$libinit$$00000006)
    .ARM.Collect$$libinit$$00000008          0x080001a6   Section        0  libinit2.o(.ARM.Collect$$libinit$$00000008)
    .ARM.Collect$$libinit$$0000000A          0x080001a6   Section        0  libinit2.o(.ARM.Collect$$libinit$$0000000A)
    .ARM.Collect$$libinit$$0000000D          0x080001a6   Section        0  libinit2.o(.ARM.Collect$$libinit$$0000000D)
    .ARM.Collect$$libinit$$0000000F          0x080001a6   Section        0  libinit2.o(.ARM.Collect$$libinit$$0000000F)
    .ARM.Collect$$libinit$$00000011          0x080001a6   Section        0  libinit2.o(.ARM.Collect$$libinit$$00000011)
    .ARM.Collect$$libinit$$00000013          0x080001a6   Section        0  libinit2.o(.ARM.Collect$$libinit$$00000013)
    .ARM.Collect$$libinit$$00000015          0x080001a6   Section        0  libinit2.o(.ARM.Collect$$libinit$$00000015)
    .ARM.Collect$$libinit$$00000017          0x080001a6   Section        0  libinit2.o(.ARM.Collect$$libinit$$00000017)
    .ARM.Collect$$libinit$$00000019          0x080001a6   Section        0  libinit2.o(.ARM.Collect$$libinit$$00000019)
    .ARM.Collect$$libinit$$0000001B          0x080001a6   Section        0  libinit2.o(.ARM.Collect$$libinit$$0000001B)
    .ARM.Collect$$libinit$$0000001D          0x080001a6   Section        0  libinit2.o(.ARM.Collect$$libinit$$0000001D)
    .ARM.Collect$$libinit$$0000001F          0x080001a6   Section        0  libinit2.o(.ARM.Collect$$libinit$$0000001F)
    .ARM.Collect$$libinit$$00000021          0x080001a6   Section        0  libinit2.o(.ARM.Collect$$libinit$$00000021)
    .ARM.Collect$$libinit$$00000028          0x080001a6   Section        0  libinit2.o(.ARM.Collect$$libinit$$00000028)
    .ARM.Collect$$libinit$$0000002A          0x080001a6   Section        0  libinit2.o(.ARM.Collect$$libinit$$0000002A)
    .ARM.Collect$$libinit$$0000002C          0x080001a6   Section        0  libinit2.o(.ARM.Collect$$libinit$$0000002C)
    .ARM.Collect$$libinit$$0000002E          0x080001a6   Section        0  libinit2.o(.ARM.Collect$$libinit$$0000002E)
    .ARM.Collect$$libinit$$0000002F          0x080001a6   Section        2  libinit2.o(.ARM.Collect$$libinit$$0000002F)
    .ARM.Collect$$libshutdown$$00000000      0x080001a8   Section        2  libshutdown.o(.ARM.Collect$$libshutdown$$00000000)
    .ARM.Collect$$libshutdown$$00000003      0x080001aa   Section        0  libshutdown2.o(.ARM.Collect$$libshutdown$$00000003)
    .ARM.Collect$$libshutdown$$00000006      0x080001aa   Section        0  libshutdown2.o(.ARM.Collect$$libshutdown$$00000006)
    .ARM.Collect$$libshutdown$$00000009      0x080001aa   Section        0  libshutdown2.o(.ARM.Collect$$libshutdown$$00000009)
    .ARM.Collect$$libshutdown$$0000000B      0x080001aa   Section        0  libshutdown2.o(.ARM.Collect$$libshutdown$$0000000B)
    .ARM.Collect$$libshutdown$$0000000E      0x080001aa   Section        0  libshutdown2.o(.ARM.Collect$$libshutdown$$0000000E)
    .ARM.Collect$$libshutdown$$0000000F      0x080001aa   Section        2  libshutdown2.o(.ARM.Collect$$libshutdown$$0000000F)
    .ARM.Collect$$rtentry$$00000000          0x080001ac   Section        0  rtentry.o(.ARM.Collect$$rtentry$$00000000)
    .ARM.Collect$$rtentry$$00000002          0x080001ac   Section        0  rtentry2.o(.ARM.Collect$$rtentry$$00000002)
    .ARM.Collect$$rtentry$$00000004          0x080001ac   Section        6  rtentry4.o(.ARM.Collect$$rtentry$$00000004)
    .ARM.Collect$$rtentry$$00000009          0x080001b2   Section        0  rtentry2.o(.ARM.Collect$$rtentry$$00000009)
    .ARM.Collect$$rtentry$$0000000A          0x080001b2   Section        4  rtentry2.o(.ARM.Collect$$rtentry$$0000000A)
    .ARM.Collect$$rtentry$$0000000C          0x080001b6   Section        0  rtentry2.o(.ARM.Collect$$rtentry$$0000000C)
    .ARM.Collect$$rtentry$$0000000D          0x080001b6   Section        8  rtentry2.o(.ARM.Collect$$rtentry$$0000000D)
    .ARM.Collect$$rtexit$$00000000           0x080001be   Section        2  rtexit.o(.ARM.Collect$$rtexit$$00000000)
    .ARM.Collect$$rtexit$$00000002           0x080001c0   Section        0  rtexit2.o(.ARM.Collect$$rtexit$$00000002)
    .ARM.Collect$$rtexit$$00000003           0x080001c0   Section        4  rtexit2.o(.ARM.Collect$$rtexit$$00000003)
    .ARM.Collect$$rtexit$$00000004           0x080001c4   Section        6  rtexit2.o(.ARM.Collect$$rtexit$$00000004)
    .text                                    0x080001cc   Section       52  stm32f10x.o(.text)
    .text                                    0x08000200   Section        0  sys_config.o(.text)
    .text                                    0x0800027e   Section        0  delay.o(.text)
    .text                                    0x080002d0   Section        0  main.o(.text)
    .text                                    0x08000ae4   Section        0  pwm.o(.text)
    .text                                    0x08000bac   Section        0  pwd.o(.text)
    .text                                    0x08000cb4   Section        0  iic.o(.text)
    .text                                    0x08000e64   Section        0  sensors.o(.text)
    .text                                    0x08000f4c   Section        0  gpio.o(.text)
    .text                                    0x08000f7c   Section        0  kalmanfilter.o(.text)
    .text                                    0x080018e8   Section        0  pid.o(.text)
    .text                                    0x08001950   Section       78  rt_memclr_w.o(.text)
    .text                                    0x0800199e   Section        0  heapauxi.o(.text)
    .text                                    0x080019a4   Section        0  _rserrno.o(.text)
    .text                                    0x080019bc   Section       12  rt_errno_addr_intlibspace.o(.text)
    .text                                    0x080019c8   Section        8  libspace.o(.text)
    .text                                    0x080019d0   Section       74  sys_stackheap_outer.o(.text)
    .text                                    0x08001a1a   Section        0  exit.o(.text)
    .text                                    0x08001a28   Section       12  rt_fp_status_addr_intlibspace.o(.text)
    .text                                    0x08001a34   Section        0  sys_exit.o(.text)
    .text                                    0x08001a40   Section        2  use_no_semi.o(.text)
    i.FLASH_PrefetchBufferCmd                0x08001a44   Section        0  stm32f10x_flash.o(i.FLASH_PrefetchBufferCmd)
    i.FLASH_SetLatency                       0x08001a5c   Section        0  stm32f10x_flash.o(i.FLASH_SetLatency)
    i.GPIO_Init                              0x08001a74   Section        0  stm32f10x_gpio.o(i.GPIO_Init)
    i.GPIO_PinRemapConfig                    0x08001b14   Section        0  stm32f10x_gpio.o(i.GPIO_PinRemapConfig)
    i.GPIO_ResetBits                         0x08001b5c   Section        0  stm32f10x_gpio.o(i.GPIO_ResetBits)
    i.GPIO_SetBits                           0x08001b60   Section        0  stm32f10x_gpio.o(i.GPIO_SetBits)
    i.I2C_AcknowledgeConfig                  0x08001b64   Section        0  stm32f10x_i2c.o(i.I2C_AcknowledgeConfig)
    i.I2C_CheckEvent                         0x08001b78   Section        0  stm32f10x_i2c.o(i.I2C_CheckEvent)
    i.I2C_Cmd                                0x08001b90   Section        0  stm32f10x_i2c.o(i.I2C_Cmd)
    i.I2C_GenerateSTART                      0x08001ba4   Section        0  stm32f10x_i2c.o(i.I2C_GenerateSTART)
    i.I2C_GenerateSTOP                       0x08001bb8   Section        0  stm32f10x_i2c.o(i.I2C_GenerateSTOP)
    i.I2C_GetFlagStatus                      0x08001bcc   Section        0  stm32f10x_i2c.o(i.I2C_GetFlagStatus)
    i.I2C_Init                               0x08001be4   Section        0  stm32f10x_i2c.o(i.I2C_Init)
    i.I2C_ReceiveData                        0x08001c98   Section        0  stm32f10x_i2c.o(i.I2C_ReceiveData)
    i.I2C_Send7bitAddress                    0x08001c9e   Section        0  stm32f10x_i2c.o(i.I2C_Send7bitAddress)
    i.I2C_SendData                           0x08001cae   Section        0  stm32f10x_i2c.o(i.I2C_SendData)
    i.NVIC_SetVectorTable                    0x08001cb4   Section        0  stm32f10x_nvic.o(i.NVIC_SetVectorTable)
    i.RCC_ADCCLKConfig                       0x08001cc8   Section        0  stm32f10x_rcc.o(i.RCC_ADCCLKConfig)
    i.RCC_APB1PeriphClockCmd                 0x08001cdc   Section        0  stm32f10x_rcc.o(i.RCC_APB1PeriphClockCmd)
    i.RCC_APB2PeriphClockCmd                 0x08001cf4   Section        0  stm32f10x_rcc.o(i.RCC_APB2PeriphClockCmd)
    i.RCC_DeInit                             0x08001d0c   Section        0  stm32f10x_rcc.o(i.RCC_DeInit)
    i.RCC_GetClocksFreq                      0x08001d48   Section        0  stm32f10x_rcc.o(i.RCC_GetClocksFreq)
    i.RCC_GetFlagStatus                      0x08001ddc   Section        0  stm32f10x_rcc.o(i.RCC_GetFlagStatus)
    i.RCC_GetSYSCLKSource                    0x08001e0c   Section        0  stm32f10x_rcc.o(i.RCC_GetSYSCLKSource)
    i.RCC_HCLKConfig                         0x08001e1c   Section        0  stm32f10x_rcc.o(i.RCC_HCLKConfig)
    i.RCC_HSEConfig                          0x08001e30   Section        0  stm32f10x_rcc.o(i.RCC_HSEConfig)
    i.RCC_PCLK1Config                        0x08001e64   Section        0  stm32f10x_rcc.o(i.RCC_PCLK1Config)
    i.RCC_PCLK2Config                        0x08001e78   Section        0  stm32f10x_rcc.o(i.RCC_PCLK2Config)
    i.RCC_PLLCmd                             0x08001e8c   Section        0  stm32f10x_rcc.o(i.RCC_PLLCmd)
    i.RCC_PLLConfig                          0x08001e98   Section        0  stm32f10x_rcc.o(i.RCC_PLLConfig)
    i.RCC_SYSCLKConfig                       0x08001eac   Section        0  stm32f10x_rcc.o(i.RCC_SYSCLKConfig)
    i.RCC_WaitForHSEStartUp                  0x08001ec0   Section        0  stm32f10x_rcc.o(i.RCC_WaitForHSEStartUp)
    i.SysTick_CLKSourceConfig                0x08001ef4   Section        0  stm32f10x_systick.o(i.SysTick_CLKSourceConfig)
    i.SysTick_CounterCmd                     0x08001f0c   Section        0  stm32f10x_systick.o(i.SysTick_CounterCmd)
    i.SysTick_GetFlagStatus                  0x08001f30   Section        0  stm32f10x_systick.o(i.SysTick_GetFlagStatus)
    i.SysTick_ITConfig                       0x08001f50   Section        0  stm32f10x_systick.o(i.SysTick_ITConfig)
    i.SysTick_SetReload                      0x08001f68   Section        0  stm32f10x_systick.o(i.SysTick_SetReload)
    i.TI1_Config                             0x08001f70   Section        0  stm32f10x_tim.o(i.TI1_Config)
    TI1_Config                               0x08001f71   Thumb Code    40  stm32f10x_tim.o(i.TI1_Config)
    i.TI2_Config                             0x08001f98   Section        0  stm32f10x_tim.o(i.TI2_Config)
    TI2_Config                               0x08001f99   Thumb Code    44  stm32f10x_tim.o(i.TI2_Config)
    i.TIM_ARRPreloadConfig                   0x08001fc4   Section        0  stm32f10x_tim.o(i.TIM_ARRPreloadConfig)
    i.TIM_Cmd                                0x08001fda   Section        0  stm32f10x_tim.o(i.TIM_Cmd)
    i.TIM_GetCapture1                        0x08001ff0   Section        0  stm32f10x_tim.o(i.TIM_GetCapture1)
    i.TIM_GetCapture2                        0x08001ff4   Section        0  stm32f10x_tim.o(i.TIM_GetCapture2)
    i.TIM_GetCapture3                        0x08001ff8   Section        0  stm32f10x_tim.o(i.TIM_GetCapture3)
    i.TIM_GetCapture4                        0x08001ffc   Section        0  stm32f10x_tim.o(i.TIM_GetCapture4)
    i.TIM_ICInit                             0x08002002   Section        0  stm32f10x_tim.o(i.TIM_ICInit)
    i.TIM_ITConfig                           0x080020a4   Section        0  stm32f10x_tim.o(i.TIM_ITConfig)
    i.TIM_OC1Init                            0x080020b4   Section        0  stm32f10x_tim.o(i.TIM_OC1Init)
    i.TIM_OC1PreloadConfig                   0x08002114   Section        0  stm32f10x_tim.o(i.TIM_OC1PreloadConfig)
    i.TIM_OC2Init                            0x08002120   Section        0  stm32f10x_tim.o(i.TIM_OC2Init)
    i.TIM_OC2PreloadConfig                   0x0800219c   Section        0  stm32f10x_tim.o(i.TIM_OC2PreloadConfig)
    i.TIM_OC3Init                            0x080021ac   Section        0  stm32f10x_tim.o(i.TIM_OC3Init)
    i.TIM_OC3PreloadConfig                   0x08002224   Section        0  stm32f10x_tim.o(i.TIM_OC3PreloadConfig)
    i.TIM_OC4Init                            0x08002230   Section        0  stm32f10x_tim.o(i.TIM_OC4Init)
    i.TIM_OC4PreloadConfig                   0x08002290   Section        0  stm32f10x_tim.o(i.TIM_OC4PreloadConfig)
    i.TIM_SelectInputTrigger                 0x0800229e   Section        0  stm32f10x_tim.o(i.TIM_SelectInputTrigger)
    i.TIM_SelectMasterSlaveMode              0x080022aa   Section        0  stm32f10x_tim.o(i.TIM_SelectMasterSlaveMode)
    i.TIM_SelectSlaveMode                    0x080022ba   Section        0  stm32f10x_tim.o(i.TIM_SelectSlaveMode)
    i.TIM_SetIC1Prescaler                    0x080022ca   Section        0  stm32f10x_tim.o(i.TIM_SetIC1Prescaler)
    i.TIM_SetIC2Prescaler                    0x080022da   Section        0  stm32f10x_tim.o(i.TIM_SetIC2Prescaler)
    i.TIM_SetIC3Prescaler                    0x080022ec   Section        0  stm32f10x_tim.o(i.TIM_SetIC3Prescaler)
    i.TIM_SetIC4Prescaler                    0x080022fc   Section        0  stm32f10x_tim.o(i.TIM_SetIC4Prescaler)
    i.TIM_TimeBaseInit                       0x08002310   Section        0  stm32f10x_tim.o(i.TIM_TimeBaseInit)
    i.__ARM_fpclassify                       0x0800234c   Section        0  fpclassify.o(i.__ARM_fpclassify)
    i.__kernel_poly                          0x08002374   Section        0  poly.o(i.__kernel_poly)
    i.__mathlib_dbl_underflow                0x08002420   Section        0  dunder.o(i.__mathlib_dbl_underflow)
    i.atan                                   0x08002430   Section        0  atan.o(i.atan)
    i.atan2                                  0x08002654   Section        0  atan2.o(i.atan2)
    i.sqrt                                   0x080027d4   Section        0  sqrt.o(i.sqrt)
    x$fpl$dadd                               0x08002820   Section      332  daddsub_clz.o(x$fpl$dadd)
    _dadd1                                   0x08002831   Thumb Code     0  daddsub_clz.o(x$fpl$dadd)
    x$fpl$dcheck1                            0x0800296c   Section       16  dcheck1.o(x$fpl$dcheck1)
    x$fpl$dcmpinf                            0x0800297c   Section       24  dcmpi.o(x$fpl$dcmpinf)
    x$fpl$ddiv                               0x08002994   Section      688  ddiv.o(x$fpl$ddiv)
    ddiv_entry                               0x0800299b   Thumb Code     0  ddiv.o(x$fpl$ddiv)
    x$fpl$dfix                               0x08002c44   Section       94  dfix.o(x$fpl$dfix)
    x$fpl$dflt                               0x08002ca2   Section       46  dflt_clz.o(x$fpl$dflt)
    x$fpl$dleqf                              0x08002cd0   Section      120  dleqf.o(x$fpl$dleqf)
    x$fpl$dmul                               0x08002d48   Section      340  dmul.o(x$fpl$dmul)
    x$fpl$dnaninf                            0x08002e9c   Section      156  dnaninf.o(x$fpl$dnaninf)
    x$fpl$dretinf                            0x08002f38   Section       12  dretinf.o(x$fpl$dretinf)
    x$fpl$drleqf                             0x08002f44   Section      108  drleqf.o(x$fpl$drleqf)
    x$fpl$drsb                               0x08002fb0   Section       22  daddsub_clz.o(x$fpl$drsb)
    x$fpl$dsqrt                              0x08002fc8   Section      460  dsqrt_noumaal.o(x$fpl$dsqrt)
    x$fpl$dsub                               0x08003194   Section      468  daddsub_clz.o(x$fpl$dsub)
    _dsub1                                   0x080031a5   Thumb Code     0  daddsub_clz.o(x$fpl$dsub)
    x$fpl$fpinit                             0x08003368   Section       14  fpinit.o(x$fpl$fpinit)
    x$fpl$retnan                             0x08003376   Section      100  retnan.o(x$fpl$retnan)
    x$fpl$scalbn                             0x080033da   Section       96  scalbn.o(x$fpl$scalbn)
    x$fpl$trapveneer                         0x0800343a   Section       48  trapv.o(x$fpl$trapveneer)
    .constdata                               0x0800346a   Section       20  stm32f10x_rcc.o(.constdata)
    x$fpl$usenofp                            0x0800346a   Section        0  usenofp.o(x$fpl$usenofp)
    ADCPrescTable                            0x0800346a   Data           4  stm32f10x_rcc.o(.constdata)
    APBAHBPrescTable                         0x0800346e   Data          16  stm32f10x_rcc.o(.constdata)
    .constdata                               0x08003480   Section      152  atan.o(.constdata)
    atanhi                                   0x08003480   Data          32  atan.o(.constdata)
    atanlo                                   0x080034a0   Data          32  atan.o(.constdata)
    aTodd                                    0x080034c0   Data          40  atan.o(.constdata)
    aTeven                                   0x080034e8   Data          48  atan.o(.constdata)
    .constdata                               0x08003518   Section        8  qnan.o(.constdata)
    .data                                    0x20000000   Section      744  main.o(.data)
    .data                                    0x200002e8   Section        8  stm32f10x_rcc.o(.data)
    HSEStatus                                0x200002e8   Data           1  stm32f10x_rcc.o(.data)
    StartUpCounter                           0x200002ec   Data           4  stm32f10x_rcc.o(.data)
    .bss                                     0x200002f0   Section       10  main.o(.bss)
    .bss                                     0x200002fc   Section       96  libspace.o(.bss)
    HEAP                                     0x20000360   Section        0  stm32f10x.o(HEAP)
    STACK                                    0x20000360   Section      512  stm32f10x.o(STACK)
    Heap_Mem                                 0x20000360   Data           0  stm32f10x.o(HEAP)
    Stack_Mem                                0x20000360   Data         512  stm32f10x.o(STACK)
    __initial_sp                             0x20000560   Data           0  stm32f10x.o(STACK)

    Global Symbols

    Symbol Name                              Value     Ov Type        Size  Object(Section)

    BuildAttributes$$THM_ISAv4$P$D$K$B$S$PE$A:L22UL41UL21$X:L11$S22US41US21$IEEE1$IW$USESV6$~STKCKD$USESV7$~SHL$OTIME$ROPI$IEEEX$EBA8$UX$STANDARDLIB$REQ8$PRES8$EABIv2 0x00000000   Number         0  anon$$obj.o ABSOLUTE
    __ARM_use_no_argv                        0x00000000   Number         0  main.o ABSOLUTE
    __ARM_exceptions_init                     - Undefined Weak Reference
    __alloca_initialize                       - Undefined Weak Reference
    __cpp_initialize__aeabi_                  - Undefined Weak Reference
    __cxa_finalize                            - Undefined Weak Reference
    __fpl_infinity                            - Undefined Weak Reference
    __rt_locale                               - Undefined Weak Reference
    __sigvec_lookup                           - Undefined Weak Reference
    _atexit_init                              - Undefined Weak Reference
    _call_atexit_fns                          - Undefined Weak Reference
    _clock_init                               - Undefined Weak Reference
    _fp_trap_init                             - Undefined Weak Reference
    _fp_trap_shutdown                         - Undefined Weak Reference
    _get_lc_collate                           - Undefined Weak Reference
    _get_lc_ctype                             - Undefined Weak Reference
    _get_lc_monetary                          - Undefined Weak Reference
    _get_lc_numeric                           - Undefined Weak Reference
    _get_lc_time                              - Undefined Weak Reference
    _getenv_init                              - Undefined Weak Reference
    _handle_redirection                       - Undefined Weak Reference
    _init_alloc                               - Undefined Weak Reference
    _init_user_alloc                          - Undefined Weak Reference
    _initio                                   - Undefined Weak Reference
    _rand_init                                - Undefined Weak Reference
    _signal_finish                            - Undefined Weak Reference
    _signal_init                              - Undefined Weak Reference
    _terminate_alloc                          - Undefined Weak Reference
    _terminate_user_alloc                     - Undefined Weak Reference
    _terminateio                              - Undefined Weak Reference
    __Vectors                                0x08000000   Data           4  stm32f10x.o(RESET)
    __main                                   0x080000ed   Thumb Code     8  __main.o(!!!main)
    __scatterload                            0x080000f5   Thumb Code     0  __scatter.o(!!!scatter)
    __scatterload_rt2                        0x080000f5   Thumb Code    44  __scatter.o(!!!scatter)
    __scatterload_rt2_thumb_only             0x080000f5   Thumb Code     0  __scatter.o(!!!scatter)
    __scatterload_null                       0x08000103   Thumb Code     0  __scatter.o(!!!scatter)
    __decompress                             0x08000129   Thumb Code    90  __dczerorl2.o(!!dczerorl2)
    __decompress1                            0x08000129   Thumb Code     0  __dczerorl2.o(!!dczerorl2)
    __scatterload_zeroinit                   0x08000185   Thumb Code    28  __scatter_zi.o(!!handler_zi)
    __rt_lib_init                            0x080001a1   Thumb Code     0  libinit.o(.ARM.Collect$$libinit$$00000000)
    __rt_lib_init_alloca_1                   0x080001a7   Thumb Code     0  libinit2.o(.ARM.Collect$$libinit$$0000002A)
    __rt_lib_init_argv_1                     0x080001a7   Thumb Code     0  libinit2.o(.ARM.Collect$$libinit$$00000028)
    __rt_lib_init_atexit_1                   0x080001a7   Thumb Code     0  libinit2.o(.ARM.Collect$$libinit$$00000017)
    __rt_lib_init_clock_1                    0x080001a7   Thumb Code     0  libinit2.o(.ARM.Collect$$libinit$$0000001D)
    __rt_lib_init_cpp_1                      0x080001a7   Thumb Code     0  libinit2.o(.ARM.Collect$$libinit$$0000002E)
    __rt_lib_init_exceptions_1               0x080001a7   Thumb Code     0  libinit2.o(.ARM.Collect$$libinit$$0000002C)
    __rt_lib_init_fp_trap_1                  0x080001a7   Thumb Code     0  libinit2.o(.ARM.Collect$$libinit$$0000001B)
    __rt_lib_init_getenv_1                   0x080001a7   Thumb Code     0  libinit2.o(.ARM.Collect$$libinit$$0000001F)
    __rt_lib_init_heap_1                     0x080001a7   Thumb Code     0  libinit2.o(.ARM.Collect$$libinit$$00000006)
    __rt_lib_init_lc_collate_1               0x080001a7   Thumb Code     0  libinit2.o(.ARM.Collect$$libinit$$0000000D)
    __rt_lib_init_lc_ctype_1                 0x080001a7   Thumb Code     0  libinit2.o(.ARM.Collect$$libinit$$0000000F)
    __rt_lib_init_lc_monetary_1              0x080001a7   Thumb Code     0  libinit2.o(.ARM.Collect$$libinit$$00000011)
    __rt_lib_init_lc_numeric_1               0x080001a7   Thumb Code     0  libinit2.o(.ARM.Collect$$libinit$$00000013)
    __rt_lib_init_lc_time_1                  0x080001a7   Thumb Code     0  libinit2.o(.ARM.Collect$$libinit$$00000015)
    __rt_lib_init_rand_1                     0x080001a7   Thumb Code     0  libinit2.o(.ARM.Collect$$libinit$$0000000A)
    __rt_lib_init_return                     0x080001a7   Thumb Code     0  libinit2.o(.ARM.Collect$$libinit$$0000002F)
    __rt_lib_init_signal_1                   0x080001a7   Thumb Code     0  libinit2.o(.ARM.Collect$$libinit$$00000019)
    __rt_lib_init_stdio_1                    0x080001a7   Thumb Code     0  libinit2.o(.ARM.Collect$$libinit$$00000021)
    __rt_lib_init_user_alloc_1               0x080001a7   Thumb Code     0  libinit2.o(.ARM.Collect$$libinit$$00000008)
    __rt_lib_shutdown                        0x080001a9   Thumb Code     0  libshutdown.o(.ARM.Collect$$libshutdown$$00000000)
    __rt_lib_shutdown_fp_trap_1              0x080001ab   Thumb Code     0  libshutdown2.o(.ARM.Collect$$libshutdown$$00000006)
    __rt_lib_shutdown_heap_1                 0x080001ab   Thumb Code     0  libshutdown2.o(.ARM.Collect$$libshutdown$$0000000E)
    __rt_lib_shutdown_return                 0x080001ab   Thumb Code     0  libshutdown2.o(.ARM.Collect$$libshutdown$$0000000F)
    __rt_lib_shutdown_signal_1               0x080001ab   Thumb Code     0  libshutdown2.o(.ARM.Collect$$libshutdown$$00000009)
    __rt_lib_shutdown_stdio_1                0x080001ab   Thumb Code     0  libshutdown2.o(.ARM.Collect$$libshutdown$$00000003)
    __rt_lib_shutdown_user_alloc_1           0x080001ab   Thumb Code     0  libshutdown2.o(.ARM.Collect$$libshutdown$$0000000B)
    __rt_entry                               0x080001ad   Thumb Code     0  rtentry.o(.ARM.Collect$$rtentry$$00000000)
    __rt_entry_presh_1                       0x080001ad   Thumb Code     0  rtentry2.o(.ARM.Collect$$rtentry$$00000002)
    __rt_entry_sh                            0x080001ad   Thumb Code     0  rtentry4.o(.ARM.Collect$$rtentry$$00000004)
    __rt_entry_li                            0x080001b3   Thumb Code     0  rtentry2.o(.ARM.Collect$$rtentry$$0000000A)
    __rt_entry_postsh_1                      0x080001b3   Thumb Code     0  rtentry2.o(.ARM.Collect$$rtentry$$00000009)
    __rt_entry_main                          0x080001b7   Thumb Code     0  rtentry2.o(.ARM.Collect$$rtentry$$0000000D)
    __rt_entry_postli_1                      0x080001b7   Thumb Code     0  rtentry2.o(.ARM.Collect$$rtentry$$0000000C)
    __rt_exit                                0x080001bf   Thumb Code     0  rtexit.o(.ARM.Collect$$rtexit$$00000000)
    __rt_exit_ls                             0x080001c1   Thumb Code     0  rtexit2.o(.ARM.Collect$$rtexit$$00000003)
    __rt_exit_prels_1                        0x080001c1   Thumb Code     0  rtexit2.o(.ARM.Collect$$rtexit$$00000002)
    __rt_exit_exit                           0x080001c5   Thumb Code     0  rtexit2.o(.ARM.Collect$$rtexit$$00000004)
    Reset_Handler                            0x080001cd   Thumb Code     4  stm32f10x.o(.text)
    NMI_Handler                              0x080001d1   Thumb Code     2  stm32f10x.o(.text)
    HardFault_Handler                        0x080001d3   Thumb Code     2  stm32f10x.o(.text)
    MemManage_Handler                        0x080001d5   Thumb Code     2  stm32f10x.o(.text)
    BusFault_Handler                         0x080001d7   Thumb Code     2  stm32f10x.o(.text)
    UsageFault_Handler                       0x080001d9   Thumb Code     2  stm32f10x.o(.text)
    SVC_Handler                              0x080001db   Thumb Code     2  stm32f10x.o(.text)
    DebugMon_Handler                         0x080001dd   Thumb Code     2  stm32f10x.o(.text)
    PendSV_Handler                           0x080001df   Thumb Code     2  stm32f10x.o(.text)
    SysTick_Handler                          0x080001e1   Thumb Code     2  stm32f10x.o(.text)
    ADC_IRQHandler                           0x080001e3   Thumb Code     0  stm32f10x.o(.text)
    CAN_RX1_IRQHandler                       0x080001e3   Thumb Code     0  stm32f10x.o(.text)
    CAN_SCE_IRQHandler                       0x080001e3   Thumb Code     0  stm32f10x.o(.text)
    DMAChannel1_IRQHandler                   0x080001e3   Thumb Code     0  stm32f10x.o(.text)
    DMAChannel2_IRQHandler                   0x080001e3   Thumb Code     0  stm32f10x.o(.text)
    DMAChannel3_IRQHandler                   0x080001e3   Thumb Code     0  stm32f10x.o(.text)
    DMAChannel4_IRQHandler                   0x080001e3   Thumb Code     0  stm32f10x.o(.text)
    DMAChannel5_IRQHandler                   0x080001e3   Thumb Code     0  stm32f10x.o(.text)
    DMAChannel6_IRQHandler                   0x080001e3   Thumb Code     0  stm32f10x.o(.text)
    DMAChannel7_IRQHandler                   0x080001e3   Thumb Code     0  stm32f10x.o(.text)
    EXTI0_IRQHandler                         0x080001e3   Thumb Code     0  stm32f10x.o(.text)
    EXTI15_10_IRQHandler                     0x080001e3   Thumb Code     0  stm32f10x.o(.text)
    EXTI1_IRQHandler                         0x080001e3   Thumb Code     0  stm32f10x.o(.text)
    EXTI2_IRQHandler                         0x080001e3   Thumb Code     0  stm32f10x.o(.text)
    EXTI3_IRQHandler                         0x080001e3   Thumb Code     0  stm32f10x.o(.text)
    EXTI4_IRQHandler                         0x080001e3   Thumb Code     0  stm32f10x.o(.text)
    EXTI9_5_IRQHandler                       0x080001e3   Thumb Code     0  stm32f10x.o(.text)
    FLASH_IRQHandler                         0x080001e3   Thumb Code     0  stm32f10x.o(.text)
    I2C1_ER_IRQHandler                       0x080001e3   Thumb Code     0  stm32f10x.o(.text)
    I2C1_EV_IRQHandler                       0x080001e3   Thumb Code     0  stm32f10x.o(.text)
    I2C2_ER_IRQHandler                       0x080001e3   Thumb Code     0  stm32f10x.o(.text)
    I2C2_EV_IRQHandler                       0x080001e3   Thumb Code     0  stm32f10x.o(.text)
    PVD_IRQHandler                           0x080001e3   Thumb Code     0  stm32f10x.o(.text)
    RCC_IRQHandler                           0x080001e3   Thumb Code     0  stm32f10x.o(.text)
    RTCAlarm_IRQHandler                      0x080001e3   Thumb Code     0  stm32f10x.o(.text)
    RTC_IRQHandler                           0x080001e3   Thumb Code     0  stm32f10x.o(.text)
    SPI1_IRQHandler                          0x080001e3   Thumb Code     0  stm32f10x.o(.text)
    SPI2_IRQHandler                          0x080001e3   Thumb Code     0  stm32f10x.o(.text)
    TAMPER_IRQHandler                        0x080001e3   Thumb Code     0  stm32f10x.o(.text)
    TIM1_BRK_IRQHandler                      0x080001e3   Thumb Code     0  stm32f10x.o(.text)
    TIM1_CC_IRQHandler                       0x080001e3   Thumb Code     0  stm32f10x.o(.text)
    TIM1_TRG_COM_IRQHandler                  0x080001e3   Thumb Code     0  stm32f10x.o(.text)
    TIM1_UP_IRQHandler                       0x080001e3   Thumb Code     0  stm32f10x.o(.text)
    TIM2_IRQHandler                          0x080001e3   Thumb Code     0  stm32f10x.o(.text)
    TIM3_IRQHandler                          0x080001e3   Thumb Code     0  stm32f10x.o(.text)
    TIM4_IRQHandler                          0x080001e3   Thumb Code     0  stm32f10x.o(.text)
    USART1_IRQHandler                        0x080001e3   Thumb Code     0  stm32f10x.o(.text)
    USART2_IRQHandler                        0x080001e3   Thumb Code     0  stm32f10x.o(.text)
    USART3_IRQHandler                        0x080001e3   Thumb Code     0  stm32f10x.o(.text)
    USBWakeUp_IRQHandler                     0x080001e3   Thumb Code     0  stm32f10x.o(.text)
    USB_HP_CAN_TX_IRQHandler                 0x080001e3   Thumb Code     0  stm32f10x.o(.text)
    USB_LP_CAN_RX0_IRQHandler                0x080001e3   Thumb Code     0  stm32f10x.o(.text)
    WWDG_IRQHandler                          0x080001e3   Thumb Code     0  stm32f10x.o(.text)
    __user_initial_stackheap                 0x080001e5   Thumb Code     0  stm32f10x.o(.text)
    RCC_Configuration                        0x08000201   Thumb Code   112  sys_config.o(.text)
    NVIC_Configuration                       0x08000271   Thumb Code    14  sys_config.o(.text)
    DelayMs                                  0x0800027f   Thumb Code    82  delay.o(.text)
    PWM_set                                  0x080002d1   Thumb Code    96  main.o(.text)
    PWD_get                                  0x08000331   Thumb Code    76  main.o(.text)
    PreProcess                               0x0800037d   Thumb Code   788  main.o(.text)
    System_Init                              0x08000691   Thumb Code   172  main.o(.text)
    main                                     0x0800073d   Thumb Code   816  main.o(.text)
    PWM_Config                               0x08000ae5   Thumb Code   186  pwm.o(.text)
    PWD_Config                               0x08000bad   Thumb Code   252  pwd.o(.text)
    I2C_Config                               0x08000cb5   Thumb Code    98  iic.o(.text)
    I2C_WriteByte                            0x08000d17   Thumb Code   112  iic.o(.text)
    I2C_ReadByte                             0x08000d87   Thumb Code   200  iic.o(.text)
    ADXL345_Init                             0x08000e65   Thumb Code    44  sensors.o(.text)
    L3G4200D_Init                            0x08000e91   Thumb Code    54  sensors.o(.text)
    Read_ADXL345                             0x08000ec7   Thumb Code    66  sensors.o(.text)
    Read_L3G4200D                            0x08000f09   Thumb Code    66  sensors.o(.text)
    GPIO_Config                              0x08000f4d   Thumb Code    38  gpio.o(.text)
    KalmanFilter                             0x08000f7d   Thumb Code  2408  kalmanfilter.o(.text)
    PIDCalc                                  0x080018e9   Thumb Code   104  pid.o(.text)
    __aeabi_memclr4                          0x08001951   Thumb Code     0  rt_memclr_w.o(.text)
    __aeabi_memclr8                          0x08001951   Thumb Code     0  rt_memclr_w.o(.text)
    __rt_memclr_w                            0x08001951   Thumb Code    78  rt_memclr_w.o(.text)
    _memset_w                                0x08001955   Thumb Code     0  rt_memclr_w.o(.text)
    __use_two_region_memory                  0x0800199f   Thumb Code     2  heapauxi.o(.text)
    __rt_heap_escrow$2region                 0x080019a1   Thumb Code     2  heapauxi.o(.text)
    __rt_heap_expand$2region                 0x080019a3   Thumb Code     2  heapauxi.o(.text)
    __read_errno                             0x080019a5   Thumb Code    10  _rserrno.o(.text)
    __set_errno                              0x080019af   Thumb Code    12  _rserrno.o(.text)
    __aeabi_errno_addr                       0x080019bd   Thumb Code    12  rt_errno_addr_intlibspace.o(.text)
    __errno$intlibspace                      0x080019bd   Thumb Code     0  rt_errno_addr_intlibspace.o(.text)
    __rt_errno_addr$intlibspace              0x080019bd   Thumb Code     0  rt_errno_addr_intlibspace.o(.text)
    __user_libspace                          0x080019c9   Thumb Code     8  libspace.o(.text)
    __user_perproc_libspace                  0x080019c9   Thumb Code     0  libspace.o(.text)
    __user_perthread_libspace                0x080019c9   Thumb Code     0  libspace.o(.text)
    __user_setup_stackheap                   0x080019d1   Thumb Code    74  sys_stackheap_outer.o(.text)
    exit                                     0x08001a1b   Thumb Code    12  exit.o(.text)
    __rt_fp_status_addr                      0x08001a29   Thumb Code    12  rt_fp_status_addr_intlibspace.o(.text)
    _sys_exit                                0x08001a35   Thumb Code     8  sys_exit.o(.text)
    __I$use$semihosting                      0x08001a41   Thumb Code     0  use_no_semi.o(.text)
    __use_no_semihosting_swi                 0x08001a41   Thumb Code     2  use_no_semi.o(.text)
    FLASH_PrefetchBufferCmd                  0x08001a45   Thumb Code    18  stm32f10x_flash.o(i.FLASH_PrefetchBufferCmd)
    FLASH_SetLatency                         0x08001a5d   Thumb Code    18  stm32f10x_flash.o(i.FLASH_SetLatency)
    GPIO_Init                                0x08001a75   Thumb Code   160  stm32f10x_gpio.o(i.GPIO_Init)
    GPIO_PinRemapConfig                      0x08001b15   Thumb Code    66  stm32f10x_gpio.o(i.GPIO_PinRemapConfig)
    GPIO_ResetBits                           0x08001b5d   Thumb Code     4  stm32f10x_gpio.o(i.GPIO_ResetBits)
    GPIO_SetBits                             0x08001b61   Thumb Code     4  stm32f10x_gpio.o(i.GPIO_SetBits)
    I2C_AcknowledgeConfig                    0x08001b65   Thumb Code    20  stm32f10x_i2c.o(i.I2C_AcknowledgeConfig)
    I2C_CheckEvent                           0x08001b79   Thumb Code    24  stm32f10x_i2c.o(i.I2C_CheckEvent)
    I2C_Cmd                                  0x08001b91   Thumb Code    20  stm32f10x_i2c.o(i.I2C_Cmd)
    I2C_GenerateSTART                        0x08001ba5   Thumb Code    20  stm32f10x_i2c.o(i.I2C_GenerateSTART)
    I2C_GenerateSTOP                         0x08001bb9   Thumb Code    20  stm32f10x_i2c.o(i.I2C_GenerateSTOP)
    I2C_GetFlagStatus                        0x08001bcd   Thumb Code    24  stm32f10x_i2c.o(i.I2C_GetFlagStatus)
    I2C_Init                                 0x08001be5   Thumb Code   172  stm32f10x_i2c.o(i.I2C_Init)
    I2C_ReceiveData                          0x08001c99   Thumb Code     6  stm32f10x_i2c.o(i.I2C_ReceiveData)
    I2C_Send7bitAddress                      0x08001c9f   Thumb Code    16  stm32f10x_i2c.o(i.I2C_Send7bitAddress)
    I2C_SendData                             0x08001caf   Thumb Code     4  stm32f10x_i2c.o(i.I2C_SendData)
    NVIC_SetVectorTable                      0x08001cb5   Thumb Code    12  stm32f10x_nvic.o(i.NVIC_SetVectorTable)
    RCC_ADCCLKConfig                         0x08001cc9   Thumb Code    14  stm32f10x_rcc.o(i.RCC_ADCCLKConfig)
    RCC_APB1PeriphClockCmd                   0x08001cdd   Thumb Code    18  stm32f10x_rcc.o(i.RCC_APB1PeriphClockCmd)
    RCC_APB2PeriphClockCmd                   0x08001cf5   Thumb Code    18  stm32f10x_rcc.o(i.RCC_APB2PeriphClockCmd)
    RCC_DeInit                               0x08001d0d   Thumb Code    48  stm32f10x_rcc.o(i.RCC_DeInit)
    RCC_GetClocksFreq                        0x08001d49   Thumb Code   132  stm32f10x_rcc.o(i.RCC_GetClocksFreq)
    RCC_GetFlagStatus                        0x08001ddd   Thumb Code    42  stm32f10x_rcc.o(i.RCC_GetFlagStatus)
    RCC_GetSYSCLKSource                      0x08001e0d   Thumb Code    10  stm32f10x_rcc.o(i.RCC_GetSYSCLKSource)
    RCC_HCLKConfig                           0x08001e1d   Thumb Code    14  stm32f10x_rcc.o(i.RCC_HCLKConfig)
    RCC_HSEConfig                            0x08001e31   Thumb Code    48  stm32f10x_rcc.o(i.RCC_HSEConfig)
    RCC_PCLK1Config                          0x08001e65   Thumb Code    14  stm32f10x_rcc.o(i.RCC_PCLK1Config)
    RCC_PCLK2Config                          0x08001e79   Thumb Code    16  stm32f10x_rcc.o(i.RCC_PCLK2Config)
    RCC_PLLCmd                               0x08001e8d   Thumb Code     6  stm32f10x_rcc.o(i.RCC_PLLCmd)
    RCC_PLLConfig                            0x08001e99   Thumb Code    16  stm32f10x_rcc.o(i.RCC_PLLConfig)
    RCC_SYSCLKConfig                         0x08001ead   Thumb Code    14  stm32f10x_rcc.o(i.RCC_SYSCLKConfig)
    RCC_WaitForHSEStartUp                    0x08001ec1   Thumb Code    46  stm32f10x_rcc.o(i.RCC_WaitForHSEStartUp)
    SysTick_CLKSourceConfig                  0x08001ef5   Thumb Code    24  stm32f10x_systick.o(i.SysTick_CLKSourceConfig)
    SysTick_CounterCmd                       0x08001f0d   Thumb Code    36  stm32f10x_systick.o(i.SysTick_CounterCmd)
    SysTick_GetFlagStatus                    0x08001f31   Thumb Code    32  stm32f10x_systick.o(i.SysTick_GetFlagStatus)
    SysTick_ITConfig                         0x08001f51   Thumb Code    24  stm32f10x_systick.o(i.SysTick_ITConfig)
    SysTick_SetReload                        0x08001f69   Thumb Code     8  stm32f10x_systick.o(i.SysTick_SetReload)
    TIM_ARRPreloadConfig                     0x08001fc5   Thumb Code    22  stm32f10x_tim.o(i.TIM_ARRPreloadConfig)
    TIM_Cmd                                  0x08001fdb   Thumb Code    22  stm32f10x_tim.o(i.TIM_Cmd)
    TIM_GetCapture1                          0x08001ff1   Thumb Code     4  stm32f10x_tim.o(i.TIM_GetCapture1)
    TIM_GetCapture2                          0x08001ff5   Thumb Code     4  stm32f10x_tim.o(i.TIM_GetCapture2)
    TIM_GetCapture3                          0x08001ff9   Thumb Code     4  stm32f10x_tim.o(i.TIM_GetCapture3)
    TIM_GetCapture4                          0x08001ffd   Thumb Code     6  stm32f10x_tim.o(i.TIM_GetCapture4)
    TIM_ICInit                               0x08002003   Thumb Code   162  stm32f10x_tim.o(i.TIM_ICInit)
    TIM_ITConfig                             0x080020a5   Thumb Code    16  stm32f10x_tim.o(i.TIM_ITConfig)
    TIM_OC1Init                              0x080020b5   Thumb Code    88  stm32f10x_tim.o(i.TIM_OC1Init)
    TIM_OC1PreloadConfig                     0x08002115   Thumb Code    12  stm32f10x_tim.o(i.TIM_OC1PreloadConfig)
    TIM_OC2Init                              0x08002121   Thumb Code   116  stm32f10x_tim.o(i.TIM_OC2Init)
    TIM_OC2PreloadConfig                     0x0800219d   Thumb Code    14  stm32f10x_tim.o(i.TIM_OC2PreloadConfig)
    TIM_OC3Init                              0x080021ad   Thumb Code   112  stm32f10x_tim.o(i.TIM_OC3Init)
    TIM_OC3PreloadConfig                     0x08002225   Thumb Code    12  stm32f10x_tim.o(i.TIM_OC3PreloadConfig)
    TIM_OC4Init                              0x08002231   Thumb Code    86  stm32f10x_tim.o(i.TIM_OC4Init)
    TIM_OC4PreloadConfig                     0x08002291   Thumb Code    14  stm32f10x_tim.o(i.TIM_OC4PreloadConfig)
    TIM_SelectInputTrigger                   0x0800229f   Thumb Code    12  stm32f10x_tim.o(i.TIM_SelectInputTrigger)
    TIM_SelectMasterSlaveMode                0x080022ab   Thumb Code    16  stm32f10x_tim.o(i.TIM_SelectMasterSlaveMode)
    TIM_SelectSlaveMode                      0x080022bb   Thumb Code    16  stm32f10x_tim.o(i.TIM_SelectSlaveMode)
    TIM_SetIC1Prescaler                      0x080022cb   Thumb Code    16  stm32f10x_tim.o(i.TIM_SetIC1Prescaler)
    TIM_SetIC2Prescaler                      0x080022db   Thumb Code    18  stm32f10x_tim.o(i.TIM_SetIC2Prescaler)
    TIM_SetIC3Prescaler                      0x080022ed   Thumb Code    16  stm32f10x_tim.o(i.TIM_SetIC3Prescaler)
    TIM_SetIC4Prescaler                      0x080022fd   Thumb Code    18  stm32f10x_tim.o(i.TIM_SetIC4Prescaler)
    TIM_TimeBaseInit                         0x08002311   Thumb Code    52  stm32f10x_tim.o(i.TIM_TimeBaseInit)
    __ARM_fpclassify                         0x0800234d   Thumb Code    40  fpclassify.o(i.__ARM_fpclassify)
    __kernel_poly                            0x08002375   Thumb Code   170  poly.o(i.__kernel_poly)
    __mathlib_dbl_underflow                  0x08002421   Thumb Code    10  dunder.o(i.__mathlib_dbl_underflow)
    atan                                     0x08002431   Thumb Code   480  atan.o(i.atan)
    atan2                                    0x08002655   Thumb Code   346  atan2.o(i.atan2)
    sqrt                                     0x080027d5   Thumb Code    74  sqrt.o(i.sqrt)
    __aeabi_dadd                             0x08002821   Thumb Code     0  daddsub_clz.o(x$fpl$dadd)
    _dadd                                    0x08002821   Thumb Code   328  daddsub_clz.o(x$fpl$dadd)
    __fpl_dcheck_NaN1                        0x0800296d   Thumb Code    10  dcheck1.o(x$fpl$dcheck1)
    __fpl_dcmp_Inf                           0x0800297d   Thumb Code    24  dcmpi.o(x$fpl$dcmpinf)
    __aeabi_ddiv                             0x08002995   Thumb Code     0  ddiv.o(x$fpl$ddiv)
    _ddiv                                    0x08002995   Thumb Code   552  ddiv.o(x$fpl$ddiv)
    __aeabi_d2iz                             0x08002c45   Thumb Code     0  dfix.o(x$fpl$dfix)
    _dfix                                    0x08002c45   Thumb Code    94  dfix.o(x$fpl$dfix)
    __aeabi_i2d                              0x08002ca3   Thumb Code     0  dflt_clz.o(x$fpl$dflt)
    _dflt                                    0x08002ca3   Thumb Code    46  dflt_clz.o(x$fpl$dflt)
    __aeabi_cdcmple                          0x08002cd1   Thumb Code     0  dleqf.o(x$fpl$dleqf)
    _dcmple                                  0x08002cd1   Thumb Code   120  dleqf.o(x$fpl$dleqf)
    __fpl_dcmple_InfNaN                      0x08002d33   Thumb Code     0  dleqf.o(x$fpl$dleqf)
    __aeabi_dmul                             0x08002d49   Thumb Code     0  dmul.o(x$fpl$dmul)
    _dmul                                    0x08002d49   Thumb Code   332  dmul.o(x$fpl$dmul)
    __fpl_dnaninf                            0x08002e9d   Thumb Code   156  dnaninf.o(x$fpl$dnaninf)
    __fpl_dretinf                            0x08002f39   Thumb Code    12  dretinf.o(x$fpl$dretinf)
    __aeabi_cdrcmple                         0x08002f45   Thumb Code     0  drleqf.o(x$fpl$drleqf)
    _drcmple                                 0x08002f45   Thumb Code   108  drleqf.o(x$fpl$drleqf)
    __aeabi_drsub                            0x08002fb1   Thumb Code     0  daddsub_clz.o(x$fpl$drsb)
    _drsb                                    0x08002fb1   Thumb Code    22  daddsub_clz.o(x$fpl$drsb)
    _dsqrt                                   0x08002fc9   Thumb Code   456  dsqrt_noumaal.o(x$fpl$dsqrt)
    __aeabi_dsub                             0x08003195   Thumb Code     0  daddsub_clz.o(x$fpl$dsub)
    _dsub                                    0x08003195   Thumb Code   464  daddsub_clz.o(x$fpl$dsub)
    _fp_init                                 0x08003369   Thumb Code    14  fpinit.o(x$fpl$fpinit)
    __fplib_config_pureend_doubles           0x08003375   Thumb Code     0  fpinit.o(x$fpl$fpinit)
    __fpl_return_NaN                         0x08003377   Thumb Code   100  retnan.o(x$fpl$retnan)
    __ARM_scalbn                             0x080033db   Thumb Code     0  scalbn.o(x$fpl$scalbn)
    scalbn                                   0x080033db   Thumb Code    96  scalbn.o(x$fpl$scalbn)
    __fpl_inf_scalbn                         0x08003439   Thumb Code     0  scalbn.o(x$fpl$scalbn)
    __fpl_cmpreturn                          0x0800343b   Thumb Code    48  trapv.o(x$fpl$trapveneer)
    __I$use$fp                               0x0800346b   Thumb Code     0  usenofp.o(x$fpl$usenofp)
    __mathlib_zero                           0x08003518   Data           8  qnan.o(.constdata)
    Region$$Table$$Base                      0x08003520   Number         0  anon$$obj.o(Region$$Table)
    Region$$Table$$Limit                     0x08003540   Number         0  anon$$obj.o(Region$$Table)
    PWM_Duty                                 0x20000000   Data          20  main.o(.data)
    Duty_Balance                             0x20000014   Data          20  main.o(.data)
    Power_Duty                               0x20000028   Data           4  main.o(.data)
    Data_ADXL345                             0x2000002c   Data           6  main.o(.data)
    A_X                                      0x20000038   Data           8  main.o(.data)
    A_Y                                      0x20000040   Data           8  main.o(.data)
    A_Z                                      0x20000048   Data           8  main.o(.data)
    x_angle_A                                0x20000050   Data           8  main.o(.data)
    y_angle_A                                0x20000058   Data           8  main.o(.data)
    Data_L3G4200D                            0x20000060   Data           6  main.o(.data)
    L_X                                      0x20000068   Data           8  main.o(.data)
    L_Y                                      0x20000070   Data           8  main.o(.data)
    L_Z                                      0x20000078   Data           8  main.o(.data)
    x_angle_L                                0x20000080   Data           8  main.o(.data)
    y_angle_L                                0x20000088   Data           8  main.o(.data)
    z_angle_L                                0x20000090   Data           8  main.o(.data)
    x_KFparam                                0x20000098   Data         216  main.o(.data)
    y_KFparam                                0x20000170   Data         216  main.o(.data)
    angle_x_current                          0x20000248   Data           8  main.o(.data)
    angle_y_current                          0x20000250   Data           8  main.o(.data)
    angle_x_aim                              0x20000258   Data           8  main.o(.data)
    angle_y_aim                              0x20000260   Data           8  main.o(.data)
    angle_x_error                            0x20000268   Data           8  main.o(.data)
    angle_y_error                            0x20000270   Data           8  main.o(.data)
    x_PIDparam                               0x20000278   Data          48  main.o(.data)
    y_PIDparam                               0x200002a8   Data          48  main.o(.data)
    x_PIDout                                 0x200002d8   Data           8  main.o(.data)
    y_PIDout                                 0x200002e0   Data           8  main.o(.data)
    PWD_Duty                                 0x200002f0   Data          10  main.o(.bss)
    __libspace_start                         0x200002fc   Data          96  libspace.o(.bss)
    __temporary_stack_top$libspace           0x2000035c   Data           0  libspace.o(.bss)



==============================================================================

Memory Map of the image

  Image Entry point : 0x080000ed

  Load Region LR_IROM1 (Base: 0x08000000, Size: 0x00003830, Max: 0x00010000, ABSOLUTE, COMPRESSED[0x000035a8])

    Execution Region ER_IROM1 (Base: 0x08000000, Size: 0x00003540, Max: 0x00010000, ABSOLUTE)

    Base Addr    Size         Type   Attr      Idx    E Section Name        Object

    0x08000000   0x000000ec   Data   RO            3    RESET               stm32f10x.o
    0x080000ec   0x00000008   Code   RO         1710  * !!!main             c_w.l(__main.o)(c_w.l)
    0x080000f4   0x00000034   Code   RO         1963    !!!scatter          c_w.l(__scatter.o)(c_w.l)
    0x08000128   0x0000005a   Code   RO         1961    !!dczerorl2         c_w.l(__dczerorl2.o)(c_w.l)
    0x08000182   0x00000002   PAD
    0x08000184   0x0000001c   Code   RO         1965    !!handler_zi        c_w.l(__scatter_zi.o)(c_w.l)
    0x080001a0   0x00000006   Code   RO         1828    .ARM.Collect$$libinit$$00000000  c_w.l(libinit.o)(c_w.l)
    0x080001a6   0x00000000   Code   RO         1835    .ARM.Collect$$libinit$$00000006  c_w.l(libinit2.o)(c_w.l)
    0x080001a6   0x00000000   Code   RO         1837    .ARM.Collect$$libinit$$00000008  c_w.l(libinit2.o)(c_w.l)
    0x080001a6   0x00000000   Code   RO         1839    .ARM.Collect$$libinit$$0000000A  c_w.l(libinit2.o)(c_w.l)
    0x080001a6   0x00000000   Code   RO         1842    .ARM.Collect$$libinit$$0000000D  c_w.l(libinit2.o)(c_w.l)
    0x080001a6   0x00000000   Code   RO         1844    .ARM.Collect$$libinit$$0000000F  c_w.l(libinit2.o)(c_w.l)
    0x080001a6   0x00000000   Code   RO         1846    .ARM.Collect$$libinit$$00000011  c_w.l(libinit2.o)(c_w.l)
    0x080001a6   0x00000000   Code   RO         1848    .ARM.Collect$$libinit$$00000013  c_w.l(libinit2.o)(c_w.l)
    0x080001a6   0x00000000   Code   RO         1850    .ARM.Collect$$libinit$$00000015  c_w.l(libinit2.o)(c_w.l)
    0x080001a6   0x00000000   Code   RO         1852    .ARM.Collect$$libinit$$00000017  c_w.l(libinit2.o)(c_w.l)
    0x080001a6   0x00000000   Code   RO         1854    .ARM.Collect$$libinit$$00000019  c_w.l(libinit2.o)(c_w.l)
    0x080001a6   0x00000000   Code   RO         1856    .ARM.Collect$$libinit$$0000001B  c_w.l(libinit2.o)(c_w.l)
    0x080001a6   0x00000000   Code   RO         1858    .ARM.Collect$$libinit$$0000001D  c_w.l(libinit2.o)(c_w.l)
    0x080001a6   0x00000000   Code   RO         1860    .ARM.Collect$$libinit$$0000001F  c_w.l(libinit2.o)(c_w.l)
    0x080001a6   0x00000000   Code   RO         1862    .ARM.Collect$$libinit$$00000021  c_w.l(libinit2.o)(c_w.l)
    0x080001a6   0x00000000   Code   RO         1866    .ARM.Collect$$libinit$$00000028  c_w.l(libinit2.o)(c_w.l)
    0x080001a6   0x00000000   Code   RO         1868    .ARM.Collect$$libinit$$0000002A  c_w.l(libinit2.o)(c_w.l)
    0x080001a6   0x00000000   Code   RO         1870    .ARM.Collect$$libinit$$0000002C  c_w.l(libinit2.o)(c_w.l)
    0x080001a6   0x00000000   Code   RO         1872    .ARM.Collect$$libinit$$0000002E  c_w.l(libinit2.o)(c_w.l)
    0x080001a6   0x00000002   Code   RO         1873    .ARM.Collect$$libinit$$0000002F  c_w.l(libinit2.o)(c_w.l)
    0x080001a8   0x00000002   Code   RO         1903    .ARM.Collect$$libshutdown$$00000000  c_w.l(libshutdown.o)(c_w.l)
    0x080001aa   0x00000000   Code   RO         1916    .ARM.Collect$$libshutdown$$00000003  c_w.l(libshutdown2.o)(c_w.l)
    0x080001aa   0x00000000   Code   RO         1919    .ARM.Collect$$libshutdown$$00000006  c_w.l(libshutdown2.o)(c_w.l)
    0x080001aa   0x00000000   Code   RO         1922    .ARM.Collect$$libshutdown$$00000009  c_w.l(libshutdown2.o)(c_w.l)
    0x080001aa   0x00000000   Code   RO         1924    .ARM.Collect$$libshutdown$$0000000B  c_w.l(libshutdown2.o)(c_w.l)
    0x080001aa   0x00000000   Code   RO         1927    .ARM.Collect$$libshutdown$$0000000E  c_w.l(libshutdown2.o)(c_w.l)
    0x080001aa   0x00000002   Code   RO         1928    .ARM.Collect$$libshutdown$$0000000F  c_w.l(libshutdown2.o)(c_w.l)
    0x080001ac   0x00000000   Code   RO         1754    .ARM.Collect$$rtentry$$00000000  c_w.l(rtentry.o)(c_w.l)
    0x080001ac   0x00000000   Code   RO         1779    .ARM.Collect$$rtentry$$00000002  c_w.l(rtentry2.o)(c_w.l)
    0x080001ac   0x00000006   Code   RO         1794    .ARM.Collect$$rtentry$$00000004  c_w.l(rtentry4.o)(c_w.l)
    0x080001b2   0x00000000   Code   RO         1781    .ARM.Collect$$rtentry$$00000009  c_w.l(rtentry2.o)(c_w.l)
    0x080001b2   0x00000004   Code   RO         1782    .ARM.Collect$$rtentry$$0000000A  c_w.l(rtentry2.o)(c_w.l)
    0x080001b6   0x00000000   Code   RO         1784    .ARM.Collect$$rtentry$$0000000C  c_w.l(rtentry2.o)(c_w.l)
    0x080001b6   0x00000008   Code   RO         1785    .ARM.Collect$$rtentry$$0000000D  c_w.l(rtentry2.o)(c_w.l)
    0x080001be   0x00000002   Code   RO         1831    .ARM.Collect$$rtexit$$00000000  c_w.l(rtexit.o)(c_w.l)
    0x080001c0   0x00000000   Code   RO         1879    .ARM.Collect$$rtexit$$00000002  c_w.l(rtexit2.o)(c_w.l)
    0x080001c0   0x00000004   Code   RO         1880    .ARM.Collect$$rtexit$$00000003  c_w.l(rtexit2.o)(c_w.l)
    0x080001c4   0x00000006   Code   RO         1881    .ARM.Collect$$rtexit$$00000004  c_w.l(rtexit2.o)(c_w.l)
    0x080001ca   0x00000002   PAD
    0x080001cc   0x00000034   Code   RO            4    .text               stm32f10x.o
    0x08000200   0x0000007e   Code   RO           10    .text               sys_config.o
    0x0800027e   0x00000052   Code   RO          110    .text               delay.o
    0x080002d0   0x00000814   Code   RO          125    .text               main.o
    0x08000ae4   0x000000c8   Code   RO          166    .text               pwm.o
    0x08000bac   0x00000108   Code   RO          178    .text               pwd.o
    0x08000cb4   0x000001b0   Code   RO          190    .text               iic.o
    0x08000e64   0x000000e6   Code   RO          202    .text               sensors.o
    0x08000f4a   0x00000002   PAD
    0x08000f4c   0x00000030   Code   RO          214    .text               gpio.o
    0x08000f7c   0x0000096c   Code   RO          226    .text               kalmanfilter.o
    0x080018e8   0x00000068   Code   RO          238    .text               pid.o
    0x08001950   0x0000004e   Code   RO         1706    .text               c_w.l(rt_memclr_w.o)(c_w.l)
    0x0800199e   0x00000006   Code   RO         1708    .text               c_w.l(heapauxi.o)(c_w.l)
    0x080019a4   0x00000016   Code   RO         1756    .text               c_w.l(_rserrno.o)(c_w.l)
    0x080019ba   0x00000002   PAD
    0x080019bc   0x0000000c   Code   RO         1799    .text               c_w.l(rt_errno_addr_intlibspace.o)(c_w.l)
    0x080019c8   0x00000008   Code   RO         1815    .text               c_w.l(libspace.o)(c_w.l)
    0x080019d0   0x0000004a   Code   RO         1818    .text               c_w.l(sys_stackheap_outer.o)(c_w.l)
    0x08001a1a   0x0000000c   Code   RO         1820    .text               c_w.l(exit.o)(c_w.l)
    0x08001a26   0x00000002   PAD
    0x08001a28   0x0000000c   Code   RO         1889    .text               c_w.l(rt_fp_status_addr_intlibspace.o)(c_w.l)
    0x08001a34   0x0000000c   Code   RO         1895    .text               c_w.l(sys_exit.o)(c_w.l)
    0x08001a40   0x00000002   Code   RO         1906    .text               c_w.l(use_no_semi.o)(c_w.l)
    0x08001a42   0x00000002   PAD
    0x08001a44   0x00000018   Code   RO          252    i.FLASH_PrefetchBufferCmd  STM32F10xR.LIB(stm32f10x_flash.o)(STM32F10xR.LIB)
    0x08001a5c   0x00000018   Code   RO          250    i.FLASH_SetLatency  STM32F10xR.LIB(stm32f10x_flash.o)(STM32F10xR.LIB)
    0x08001a74   0x000000a0   Code   RO          414    i.GPIO_Init         STM32F10xR.LIB(stm32f10x_gpio.o)(STM32F10xR.LIB)
    0x08001b14   0x00000048   Code   RO          427    i.GPIO_PinRemapConfig  STM32F10xR.LIB(stm32f10x_gpio.o)(STM32F10xR.LIB)
    0x08001b5c   0x00000004   Code   RO          421    i.GPIO_ResetBits    STM32F10xR.LIB(stm32f10x_gpio.o)(STM32F10xR.LIB)
    0x08001b60   0x00000004   Code   RO          420    i.GPIO_SetBits      STM32F10xR.LIB(stm32f10x_gpio.o)(STM32F10xR.LIB)
    0x08001b64   0x00000014   Code   RO          534    i.I2C_AcknowledgeConfig  STM32F10xR.LIB(stm32f10x_i2c.o)(STM32F10xR.LIB)
    0x08001b78   0x00000018   Code   RO          553    i.I2C_CheckEvent    STM32F10xR.LIB(stm32f10x_i2c.o)(STM32F10xR.LIB)
    0x08001b90   0x00000014   Code   RO          529    i.I2C_Cmd           STM32F10xR.LIB(stm32f10x_i2c.o)(STM32F10xR.LIB)
    0x08001ba4   0x00000014   Code   RO          532    i.I2C_GenerateSTART  STM32F10xR.LIB(stm32f10x_i2c.o)(STM32F10xR.LIB)
    0x08001bb8   0x00000014   Code   RO          533    i.I2C_GenerateSTOP  STM32F10xR.LIB(stm32f10x_i2c.o)(STM32F10xR.LIB)
    0x08001bcc   0x00000018   Code   RO          554    i.I2C_GetFlagStatus  STM32F10xR.LIB(stm32f10x_i2c.o)(STM32F10xR.LIB)
    0x08001be4   0x000000b4   Code   RO          527    i.I2C_Init          STM32F10xR.LIB(stm32f10x_i2c.o)(STM32F10xR.LIB)
    0x08001c98   0x00000006   Code   RO          540    i.I2C_ReceiveData   STM32F10xR.LIB(stm32f10x_i2c.o)(STM32F10xR.LIB)
    0x08001c9e   0x00000010   Code   RO          541    i.I2C_Send7bitAddress  STM32F10xR.LIB(stm32f10x_i2c.o)(STM32F10xR.LIB)
    0x08001cae   0x00000004   Code   RO          539    i.I2C_SendData      STM32F10xR.LIB(stm32f10x_i2c.o)(STM32F10xR.LIB)
    0x08001cb2   0x00000002   PAD
    0x08001cb4   0x00000014   Code   RO          745    i.NVIC_SetVectorTable  STM32F10xR.LIB(stm32f10x_nvic.o)(STM32F10xR.LIB)
    0x08001cc8   0x00000014   Code   RO          931    i.RCC_ADCCLKConfig  STM32F10xR.LIB(stm32f10x_rcc.o)(STM32F10xR.LIB)
    0x08001cdc   0x00000018   Code   RO          939    i.RCC_APB1PeriphClockCmd  STM32F10xR.LIB(stm32f10x_rcc.o)(STM32F10xR.LIB)
    0x08001cf4   0x00000018   Code   RO          938    i.RCC_APB2PeriphClockCmd  STM32F10xR.LIB(stm32f10x_rcc.o)(STM32F10xR.LIB)
    0x08001d0c   0x0000003c   Code   RO          916    i.RCC_DeInit        STM32F10xR.LIB(stm32f10x_rcc.o)(STM32F10xR.LIB)
    0x08001d48   0x00000094   Code   RO          936    i.RCC_GetClocksFreq  STM32F10xR.LIB(stm32f10x_rcc.o)(STM32F10xR.LIB)
    0x08001ddc   0x00000030   Code   RO          918    i.RCC_GetFlagStatus  STM32F10xR.LIB(stm32f10x_rcc.o)(STM32F10xR.LIB)
    0x08001e0c   0x00000010   Code   RO          925    i.RCC_GetSYSCLKSource  STM32F10xR.LIB(stm32f10x_rcc.o)(STM32F10xR.LIB)
    0x08001e1c   0x00000014   Code   RO          926    i.RCC_HCLKConfig    STM32F10xR.LIB(stm32f10x_rcc.o)(STM32F10xR.LIB)
    0x08001e30   0x00000034   Code   RO          917    i.RCC_HSEConfig     STM32F10xR.LIB(stm32f10x_rcc.o)(STM32F10xR.LIB)
    0x08001e64   0x00000014   Code   RO          927    i.RCC_PCLK1Config   STM32F10xR.LIB(stm32f10x_rcc.o)(STM32F10xR.LIB)
    0x08001e78   0x00000014   Code   RO          928    i.RCC_PCLK2Config   STM32F10xR.LIB(stm32f10x_rcc.o)(STM32F10xR.LIB)
    0x08001e8c   0x0000000c   Code   RO          923    i.RCC_PLLCmd        STM32F10xR.LIB(stm32f10x_rcc.o)(STM32F10xR.LIB)
    0x08001e98   0x00000014   Code   RO          922    i.RCC_PLLConfig     STM32F10xR.LIB(stm32f10x_rcc.o)(STM32F10xR.LIB)
    0x08001eac   0x00000014   Code   RO          924    i.RCC_SYSCLKConfig  STM32F10xR.LIB(stm32f10x_rcc.o)(STM32F10xR.LIB)
    0x08001ec0   0x00000034   Code   RO          919    i.RCC_WaitForHSEStartUp  STM32F10xR.LIB(stm32f10x_rcc.o)(STM32F10xR.LIB)
    0x08001ef4   0x00000018   Code   RO         1117    i.SysTick_CLKSourceConfig  STM32F10xR.LIB(stm32f10x_systick.o)(STM32F10xR.LIB)
    0x08001f0c   0x00000024   Code   RO         1119    i.SysTick_CounterCmd  STM32F10xR.LIB(stm32f10x_systick.o)(STM32F10xR.LIB)
    0x08001f30   0x00000020   Code   RO         1122    i.SysTick_GetFlagStatus  STM32F10xR.LIB(stm32f10x_systick.o)(STM32F10xR.LIB)
    0x08001f50   0x00000018   Code   RO         1120    i.SysTick_ITConfig  STM32F10xR.LIB(stm32f10x_systick.o)(STM32F10xR.LIB)
    0x08001f68   0x00000008   Code   RO         1118    i.SysTick_SetReload  STM32F10xR.LIB(stm32f10x_systick.o)(STM32F10xR.LIB)
    0x08001f70   0x00000028   Code   RO         1250    i.TI1_Config        STM32F10xR.LIB(stm32f10x_tim.o)(STM32F10xR.LIB)
    0x08001f98   0x0000002c   Code   RO         1171    i.TI2_Config        STM32F10xR.LIB(stm32f10x_tim.o)(STM32F10xR.LIB)
    0x08001fc4   0x00000016   Code   RO         1200    i.TIM_ARRPreloadConfig  STM32F10xR.LIB(stm32f10x_tim.o)(STM32F10xR.LIB)
    0x08001fda   0x00000016   Code   RO         1180    i.TIM_Cmd           STM32F10xR.LIB(stm32f10x_tim.o)(STM32F10xR.LIB)
    0x08001ff0   0x00000004   Code   RO         1240    i.TIM_GetCapture1   STM32F10xR.LIB(stm32f10x_tim.o)(STM32F10xR.LIB)
    0x08001ff4   0x00000004   Code   RO         1241    i.TIM_GetCapture2   STM32F10xR.LIB(stm32f10x_tim.o)(STM32F10xR.LIB)
    0x08001ff8   0x00000004   Code   RO         1242    i.TIM_GetCapture3   STM32F10xR.LIB(stm32f10x_tim.o)(STM32F10xR.LIB)
    0x08001ffc   0x00000006   Code   RO         1243    i.TIM_GetCapture4   STM32F10xR.LIB(stm32f10x_tim.o)(STM32F10xR.LIB)
    0x08002002   0x000000a2   Code   RO         1173    i.TIM_ICInit        STM32F10xR.LIB(stm32f10x_tim.o)(STM32F10xR.LIB)
    0x080020a4   0x00000010   Code   RO         1182    i.TIM_ITConfig      STM32F10xR.LIB(stm32f10x_tim.o)(STM32F10xR.LIB)
    0x080020b4   0x00000060   Code   RO         1164    i.TIM_OC1Init       STM32F10xR.LIB(stm32f10x_tim.o)(STM32F10xR.LIB)
    0x08002114   0x0000000c   Code   RO         1204    i.TIM_OC1PreloadConfig  STM32F10xR.LIB(stm32f10x_tim.o)(STM32F10xR.LIB)
    0x08002120   0x0000007c   Code   RO         1165    i.TIM_OC2Init       STM32F10xR.LIB(stm32f10x_tim.o)(STM32F10xR.LIB)
    0x0800219c   0x0000000e   Code   RO         1205    i.TIM_OC2PreloadConfig  STM32F10xR.LIB(stm32f10x_tim.o)(STM32F10xR.LIB)
    0x080021aa   0x00000002   PAD
    0x080021ac   0x00000078   Code   RO         1166    i.TIM_OC3Init       STM32F10xR.LIB(stm32f10x_tim.o)(STM32F10xR.LIB)
    0x08002224   0x0000000c   Code   RO         1206    i.TIM_OC3PreloadConfig  STM32F10xR.LIB(stm32f10x_tim.o)(STM32F10xR.LIB)
    0x08002230   0x00000060   Code   RO         1167    i.TIM_OC4Init       STM32F10xR.LIB(stm32f10x_tim.o)(STM32F10xR.LIB)
    0x08002290   0x0000000e   Code   RO         1207    i.TIM_OC4PreloadConfig  STM32F10xR.LIB(stm32f10x_tim.o)(STM32F10xR.LIB)
    0x0800229e   0x0000000c   Code   RO         1187    i.TIM_SelectInputTrigger  STM32F10xR.LIB(stm32f10x_tim.o)(STM32F10xR.LIB)
    0x080022aa   0x00000010   Code   RO         1232    i.TIM_SelectMasterSlaveMode  STM32F10xR.LIB(stm32f10x_tim.o)(STM32F10xR.LIB)
    0x080022ba   0x00000010   Code   RO         1231    i.TIM_SelectSlaveMode  STM32F10xR.LIB(stm32f10x_tim.o)(STM32F10xR.LIB)
    0x080022ca   0x00000010   Code   RO         1172    i.TIM_SetIC1Prescaler  STM32F10xR.LIB(stm32f10x_tim.o)(STM32F10xR.LIB)
    0x080022da   0x00000012   Code   RO         1170    i.TIM_SetIC2Prescaler  STM32F10xR.LIB(stm32f10x_tim.o)(STM32F10xR.LIB)
    0x080022ec   0x00000010   Code   RO         1169    i.TIM_SetIC3Prescaler  STM32F10xR.LIB(stm32f10x_tim.o)(STM32F10xR.LIB)
    0x080022fc   0x00000012   Code   RO         1168    i.TIM_SetIC4Prescaler  STM32F10xR.LIB(stm32f10x_tim.o)(STM32F10xR.LIB)
    0x0800230e   0x00000002   PAD
    0x08002310   0x0000003c   Code   RO         1163    i.TIM_TimeBaseInit  STM32F10xR.LIB(stm32f10x_tim.o)(STM32F10xR.LIB)
    0x0800234c   0x00000028   Code   RO         1811    i.__ARM_fpclassify  m_ws.l(fpclassify.o)(m_ws.l)
    0x08002374   0x000000aa   Code   RO         1813    i.__kernel_poly     m_ws.l(poly.o)(m_ws.l)
    0x0800241e   0x00000002   PAD
    0x08002420   0x00000010   Code   RO         1809    i.__mathlib_dbl_underflow  m_ws.l(dunder.o)(m_ws.l)
    0x08002430   0x00000224   Code   RO         1768    i.atan              m_ws.l(atan.o)(m_ws.l)
    0x08002654   0x00000180   Code   RO         1739    i.atan2             m_ws.l(atan2.o)(m_ws.l)
    0x080027d4   0x0000004a   Code   RO         1747    i.sqrt              m_ws.l(sqrt.o)(m_ws.l)
    0x0800281e   0x00000002   PAD
    0x08002820   0x0000014c   Code   RO         1712    x$fpl$dadd          fz_ws.l(daddsub_clz.o)(fz_ws.l)
    0x0800296c   0x00000010   Code   RO         1829    x$fpl$dcheck1       fz_ws.l(dcheck1.o)(fz_ws.l)
    0x0800297c   0x00000018   Code   RO         1758    x$fpl$dcmpinf       fz_ws.l(dcmpi.o)(fz_ws.l)
    0x08002994   0x000002b0   Code   RO         1719    x$fpl$ddiv          fz_ws.l(ddiv.o)(fz_ws.l)
    0x08002c44   0x0000005e   Code   RO         1722    x$fpl$dfix          fz_ws.l(dfix.o)(fz_ws.l)
    0x08002ca2   0x0000002e   Code   RO         1727    x$fpl$dflt          fz_ws.l(dflt_clz.o)(fz_ws.l)
    0x08002cd0   0x00000078   Code   RO         1732    x$fpl$dleqf         fz_ws.l(dleqf.o)(fz_ws.l)
    0x08002d48   0x00000154   Code   RO         1734    x$fpl$dmul          fz_ws.l(dmul.o)(fz_ws.l)
    0x08002e9c   0x0000009c   Code   RO         1760    x$fpl$dnaninf       fz_ws.l(dnaninf.o)(fz_ws.l)
    0x08002f38   0x0000000c   Code   RO         1762    x$fpl$dretinf       fz_ws.l(dretinf.o)(fz_ws.l)
    0x08002f44   0x0000006c   Code   RO         1736    x$fpl$drleqf        fz_ws.l(drleqf.o)(fz_ws.l)
    0x08002fb0   0x00000016   Code   RO         1713    x$fpl$drsb          fz_ws.l(daddsub_clz.o)(fz_ws.l)
    0x08002fc6   0x00000002   PAD
    0x08002fc8   0x000001cc   Code   RO         1764    x$fpl$dsqrt         fz_ws.l(dsqrt_noumaal.o)(fz_ws.l)
    0x08003194   0x000001d4   Code   RO         1714    x$fpl$dsub          fz_ws.l(daddsub_clz.o)(fz_ws.l)
    0x08003368   0x0000000e   Code   RO         1874    x$fpl$fpinit        fz_ws.l(fpinit.o)(fz_ws.l)
    0x08003376   0x00000064   Code   RO         1876    x$fpl$retnan        fz_ws.l(retnan.o)(fz_ws.l)
    0x080033da   0x00000060   Code   RO         1804    x$fpl$scalbn        fz_ws.l(scalbn.o)(fz_ws.l)
    0x0800343a   0x00000030   Code   RO         1893    x$fpl$trapveneer    fz_ws.l(trapv.o)(fz_ws.l)
    0x0800346a   0x00000000   Code   RO         1766    x$fpl$usenofp       fz_ws.l(usenofp.o)(fz_ws.l)
    0x0800346a   0x00000014   Data   RO          949    .constdata          STM32F10xR.LIB(stm32f10x_rcc.o)(STM32F10xR.LIB)
    0x0800347e   0x00000002   PAD
    0x08003480   0x00000098   Data   RO         1769    .constdata          m_ws.l(atan.o)(m_ws.l)
    0x08003518   0x00000008   Data   RO         1777    .constdata          m_ws.l(qnan.o)(m_ws.l)
    0x08003520   0x00000020   Data   RO         1959    Region$$Table       anon$$obj.o


    Execution Region RW_IRAM1 (Base: 0x20000000, Size: 0x00000560, Max: 0x00005000, ABSOLUTE, COMPRESSED[0x00000068])

    Base Addr    Size         Type   Attr      Idx    E Section Name        Object

    0x20000000   0x000002e8   Data   RW          127    .data               main.o
    0x200002e8   0x00000008   Data   RW          948    .data               STM32F10xR.LIB(stm32f10x_rcc.o)(STM32F10xR.LIB)
    0x200002f0   0x0000000a   Zero   RW          126    .bss                main.o
    0x200002fa   0x00000002   PAD
    0x200002fc   0x00000060   Zero   RW         1816    .bss                c_w.l(libspace.o)(c_w.l)
    0x2000035c   0x00000004   PAD
    0x20000360   0x00000000   Zero   RW            2    HEAP                stm32f10x.o
    0x20000360   0x00000200   Zero   RW            1    STACK               stm32f10x.o


==============================================================================

Image component sizes


      Code (inc. data)   RO Data    RW Data    ZI Data      Debug   Object Name

        82          0          0          0          0          0   delay.o
        48         10          0          0          0          0   gpio.o
       432         22          0          0          0          0   iic.o
      2412          4          0          0          0          0   kalmanfilter.o
      2068        240          0        744         10          0   main.o
       104          0          0          0          0          0   pid.o
       264         12          0          0          0          0   pwd.o
       200         14          0          0          0          0   pwm.o
       230          0          0          0          0          0   sensors.o
        52         18        236          0        512          0   stm32f10x.o
       126          0          0          0          0          0   sys_config.o

    ----------------------------------------------------------------------
      6020        320        268        744        524          0   Object Totals
         0          0         32          0          0          0   (incl. Generated)
         2          0          0          0          2          2   (incl. Padding)

    ----------------------------------------------------------------------

      Code (inc. data)   RO Data    RW Data    ZI Data      Debug   Library Member Name

        48         12          0          0          0          0   stm32f10x_flash.o
       240          6          0          0          0          0   stm32f10x_gpio.o
       334          8          0          0          0          0   stm32f10x_i2c.o
        20          8          0          0          0          0   stm32f10x_nvic.o
       556        100         20          8          0          0   stm32f10x_rcc.o
       124          0          0          0          0          0   stm32f10x_systick.o
       984         42          0          0          0          0   stm32f10x_tim.o
        90          0          0          0          0          0   __dczerorl2.o
         8          0          0          0          0          0   __main.o
        52          8          0          0          0          0   __scatter.o
        28          0          0          0          0          0   __scatter_zi.o
        22          0          0          0          0          0   _rserrno.o
        12          0          0          0          0          0   exit.o
         6          0          0          0          0          0   heapauxi.o
         6          0          0          0          0          0   libinit.o
         2          0          0          0          0          0   libinit2.o
         2          0          0          0          0          0   libshutdown.o
         2          0          0          0          0          0   libshutdown2.o
         8          4          0          0         96          0   libspace.o
        12          4          0          0          0          0   rt_errno_addr_intlibspace.o
        12          4          0          0          0          0   rt_fp_status_addr_intlibspace.o
        78          0          0          0          0          0   rt_memclr_w.o
         0          0          0          0          0          0   rtentry.o
        12          0          0          0          0          0   rtentry2.o
         6          0          0          0          0          0   rtentry4.o
         2          0          0          0          0          0   rtexit.o
        10          0          0          0          0          0   rtexit2.o
        12          4          0          0          0          0   sys_exit.o
        74          0          0          0          0          0   sys_stackheap_outer.o
         2          0          0          0          0          0   use_no_semi.o
       822         16          0          0          0          0   daddsub_clz.o
        16          4          0          0          0          0   dcheck1.o
        24          0          0          0          0          0   dcmpi.o
       688        140          0          0          0          0   ddiv.o
        94          4          0          0          0          0   dfix.o
        46          0          0          0          0          0   dflt_clz.o
       120          4          0          0          0          0   dleqf.o
       340         12          0          0          0          0   dmul.o
       156          4          0          0          0          0   dnaninf.o
        12          0          0          0          0          0   dretinf.o
       108          0          0          0          0          0   drleqf.o
       460         56          0          0          0          0   dsqrt_noumaal.o
        14          0          0          0          0          0   fpinit.o
       100          0          0          0          0          0   retnan.o
        96          0          0          0          0          0   scalbn.o
        48          0          0          0          0          0   trapv.o
         0          0          0          0          0          0   usenofp.o
       548         68        152          0          0          0   atan.o
       384         38          0          0          0          0   atan2.o
        16          6          0          0          0          0   dunder.o
        40          0          0          0          0          0   fpclassify.o
       170          0          0          0          0          0   poly.o
         0          0          8          0          0          0   qnan.o
        74          0          0          0          0          0   sqrt.o

    ----------------------------------------------------------------------
      7162        552        182          8        100          0   Library Totals
        22          0          2          0          4          0   (incl. Padding)

    ----------------------------------------------------------------------

      Code (inc. data)   RO Data    RW Data    ZI Data      Debug   Library Name

      2306        176         20          8          0     100913   STM32F10xR.LIB
       458         24          0          0         96        888   c_w.l
      3144        240          0          0          0       1692   fz_ws.l
      1232        112        160          0          0        588   m_ws.l

    ----------------------------------------------------------------------
      7162        552        182          8        100          0   Library Totals

    ----------------------------------------------------------------------

==============================================================================


      Code (inc. data)   RO Data    RW Data    ZI Data      Debug   

     13182        872        450        752        624     150080   Grand Totals
     13182        872        450        104        624     150080   ELF Image Totals (compressed)
     13182        872        450        104          0          0   ROM Totals

==============================================================================

    Total RO  Size (Code + RO Data)                13632 (  13.31kB)
    Total RW  Size (RW Data + ZI Data)              1376 (   1.34kB)
    Total ROM Size (Code + RO Data + RW Data)      13736 (  13.41kB)

==============================================================================

